Archive member included to satisfy reference by file (symbol)

C:/ST/STM32CubeIDE_1.16.1/STM32CubeIDE/plugins/com.st.stm32cube.ide.mcu.externaltools.gnu-tools-for-stm32.12.3.rel1.win32_1.0.200.202406191623/tools/bin/../lib/gcc/arm-none-eabi/12.3.1/../../../../arm-none-eabi/lib/thumb/v7e-m+fp/hard\libc_nano.a(libc_a-exit.o)
                              C:/ST/STM32CubeIDE_1.16.1/STM32CubeIDE/plugins/com.st.stm32cube.ide.mcu.externaltools.gnu-tools-for-stm32.12.3.rel1.win32_1.0.200.202406191623/tools/bin/../lib/gcc/arm-none-eabi/12.3.1/../../../../arm-none-eabi/lib/thumb/v7e-m+fp/hard/crt0.o (exit)
C:/ST/STM32CubeIDE_1.16.1/STM32CubeIDE/plugins/com.st.stm32cube.ide.mcu.externaltools.gnu-tools-for-stm32.12.3.rel1.win32_1.0.200.202406191623/tools/bin/../lib/gcc/arm-none-eabi/12.3.1/../../../../arm-none-eabi/lib/thumb/v7e-m+fp/hard\libc_nano.a(libc_a-malloc.o)
                              ./Middlewares/ST/STM32_USB_Host_Library/Class/CDC/Src/usbh_cdc.o (malloc)
C:/ST/STM32CubeIDE_1.16.1/STM32CubeIDE/plugins/com.st.stm32cube.ide.mcu.externaltools.gnu-tools-for-stm32.12.3.rel1.win32_1.0.200.202406191623/tools/bin/../lib/gcc/arm-none-eabi/12.3.1/../../../../arm-none-eabi/lib/thumb/v7e-m+fp/hard\libc_nano.a(libc_a-mallocr.o)
                              C:/ST/STM32CubeIDE_1.16.1/STM32CubeIDE/plugins/com.st.stm32cube.ide.mcu.externaltools.gnu-tools-for-stm32.12.3.rel1.win32_1.0.200.202406191623/tools/bin/../lib/gcc/arm-none-eabi/12.3.1/../../../../arm-none-eabi/lib/thumb/v7e-m+fp/hard\libc_nano.a(libc_a-malloc.o) (_malloc_r)
C:/ST/STM32CubeIDE_1.16.1/STM32CubeIDE/plugins/com.st.stm32cube.ide.mcu.externaltools.gnu-tools-for-stm32.12.3.rel1.win32_1.0.200.202406191623/tools/bin/../lib/gcc/arm-none-eabi/12.3.1/../../../../arm-none-eabi/lib/thumb/v7e-m+fp/hard\libc_nano.a(libc_a-mlock.o)
                              C:/ST/STM32CubeIDE_1.16.1/STM32CubeIDE/plugins/com.st.stm32cube.ide.mcu.externaltools.gnu-tools-for-stm32.12.3.rel1.win32_1.0.200.202406191623/tools/bin/../lib/gcc/arm-none-eabi/12.3.1/../../../../arm-none-eabi/lib/thumb/v7e-m+fp/hard\libc_nano.a(libc_a-mallocr.o) (__malloc_lock)
C:/ST/STM32CubeIDE_1.16.1/STM32CubeIDE/plugins/com.st.stm32cube.ide.mcu.externaltools.gnu-tools-for-stm32.12.3.rel1.win32_1.0.200.202406191623/tools/bin/../lib/gcc/arm-none-eabi/12.3.1/../../../../arm-none-eabi/lib/thumb/v7e-m+fp/hard\libc_nano.a(libc_a-findfp.o)
                              ./Middlewares/Third_Party/FreeRTOS/Source/tasks.o (__sf)
C:/ST/STM32CubeIDE_1.16.1/STM32CubeIDE/plugins/com.st.stm32cube.ide.mcu.externaltools.gnu-tools-for-stm32.12.3.rel1.win32_1.0.200.202406191623/tools/bin/../lib/gcc/arm-none-eabi/12.3.1/../../../../arm-none-eabi/lib/thumb/v7e-m+fp/hard\libc_nano.a(libc_a-fwalk.o)
                              C:/ST/STM32CubeIDE_1.16.1/STM32CubeIDE/plugins/com.st.stm32cube.ide.mcu.externaltools.gnu-tools-for-stm32.12.3.rel1.win32_1.0.200.202406191623/tools/bin/../lib/gcc/arm-none-eabi/12.3.1/../../../../arm-none-eabi/lib/thumb/v7e-m+fp/hard\libc_nano.a(libc_a-findfp.o) (_fwalk_sglue)
C:/ST/STM32CubeIDE_1.16.1/STM32CubeIDE/plugins/com.st.stm32cube.ide.mcu.externaltools.gnu-tools-for-stm32.12.3.rel1.win32_1.0.200.202406191623/tools/bin/../lib/gcc/arm-none-eabi/12.3.1/../../../../arm-none-eabi/lib/thumb/v7e-m+fp/hard\libc_nano.a(libc_a-snprintf.o)
                              ./Core/Src/log.o (snprintf)
C:/ST/STM32CubeIDE_1.16.1/STM32CubeIDE/plugins/com.st.stm32cube.ide.mcu.externaltools.gnu-tools-for-stm32.12.3.rel1.win32_1.0.200.202406191623/tools/bin/../lib/gcc/arm-none-eabi/12.3.1/../../../../arm-none-eabi/lib/thumb/v7e-m+fp/hard\libc_nano.a(libc_a-stdio.o)
                              C:/ST/STM32CubeIDE_1.16.1/STM32CubeIDE/plugins/com.st.stm32cube.ide.mcu.externaltools.gnu-tools-for-stm32.12.3.rel1.win32_1.0.200.202406191623/tools/bin/../lib/gcc/arm-none-eabi/12.3.1/../../../../arm-none-eabi/lib/thumb/v7e-m+fp/hard\libc_nano.a(libc_a-findfp.o) (__sread)
C:/ST/STM32CubeIDE_1.16.1/STM32CubeIDE/plugins/com.st.stm32cube.ide.mcu.externaltools.gnu-tools-for-stm32.12.3.rel1.win32_1.0.200.202406191623/tools/bin/../lib/gcc/arm-none-eabi/12.3.1/../../../../arm-none-eabi/lib/thumb/v7e-m+fp/hard\libc_nano.a(libc_a-vsnprintf.o)
                              ./Core/Src/log.o (vsnprintf)
C:/ST/STM32CubeIDE_1.16.1/STM32CubeIDE/plugins/com.st.stm32cube.ide.mcu.externaltools.gnu-tools-for-stm32.12.3.rel1.win32_1.0.200.202406191623/tools/bin/../lib/gcc/arm-none-eabi/12.3.1/../../../../arm-none-eabi/lib/thumb/v7e-m+fp/hard\libc_nano.a(libc_a-memset.o)
                              C:/ST/STM32CubeIDE_1.16.1/STM32CubeIDE/plugins/com.st.stm32cube.ide.mcu.externaltools.gnu-tools-for-stm32.12.3.rel1.win32_1.0.200.202406191623/tools/bin/../lib/gcc/arm-none-eabi/12.3.1/../../../../arm-none-eabi/lib/thumb/v7e-m+fp/hard/crt0.o (memset)
[...]
Memory Configuration

Name             Origin             Length             Attributes
CCMRAM           0x10000000         0x00010000         xrw
RAM              0x20000000         0x00020000         xrw
FLASH            0x08000000         0x00100000         xr
*default*        0x00000000         0xffffffff

Linker script and memory map

LOAD C:/ST/STM32CubeIDE_1.16.1/STM32CubeIDE/plugins/com.st.stm32cube.ide.mcu.externaltools.gnu-tools-for-stm32.12.3.rel1.win32_1.0.200.202406191623/tools/bin/../lib/gcc/arm-none-eabi/12.3.1/thumb/v7e-m+fp/hard/crti.o
LOAD C:/ST/STM32CubeIDE_1.16.1/STM32CubeIDE/plugins/com.st.stm32cube.ide.mcu.externaltools.gnu-tools-for-stm32.12.3.rel1.win32_1.0.200.202406191623/tools/bin/../lib/gcc/arm-none-eabi/12.3.1/thumb/v7e-m+fp/hard/crtbegin.o
LOAD C:/ST/STM32CubeIDE_1.16.1/STM32CubeIDE/plugins/com.st.stm32cube.ide.mcu.externaltools.gnu-tools-for-stm32.12.3.rel1.win32_1.0.200.202406191623/tools/bin/../lib/gcc/arm-none-eabi/12.3.1/../../../../arm-none-eabi/lib/thumb/v7e-m+fp/hard/crt0.o
LOAD ./Core/Src/freertos.o
LOAD ./Core/Src/log.o
LOAD ./Core/Src/main.o
LOAD ./Core/Src/stm32f4xx_hal_msp.o
LOAD ./Core/Src/stm32f4xx_hal_timebase_tim.o
LOAD ./Core/Src/stm32f4xx_it.o
LOAD ./Core/Src/syscalls.o
LOAD ./Core/Src/sysmem.o
LOAD ./Core/Src/system_stm32f4xx.o
LOAD ./Core/Startup/startup_stm32f407vgtx.o
LOAD ./Drivers/STM32F4xx_HAL_Driver/Src/stm32f4xx_hal.o
LOAD ./Drivers/STM32F4xx_HAL_Driver/Src/stm32f4xx_hal_cortex.o
LOAD ./Drivers/STM32F4xx_HAL_Driver/Src/stm32f4xx_hal_dma.o
LOAD ./Drivers/STM32F4xx_HAL_Driver/Src/stm32f4xx_hal_dma_ex.o
LOAD ./Drivers/STM32F4xx_HAL_Driver/Src/stm32f4xx_hal_exti.o
LOAD ./Drivers/STM32F4xx_HAL_Driver/Src/stm32f4xx_hal_flash.o
LOAD ./Drivers/STM32F4xx_HAL_Driver/Src/stm32f4xx_hal_flash_ex.o
LOAD ./Drivers/STM32F4xx_HAL_Driver/Src/stm32f4xx_hal_flash_ramfunc.o
LOAD ./Drivers/STM32F4xx_HAL_Driver/Src/stm32f4xx_hal_gpio.o
LOAD ./Drivers/STM32F4xx_HAL_Driver/Src/stm32f4xx_hal_hcd.o
LOAD ./Drivers/STM32F4xx_HAL_Driver/Src/stm32f4xx_hal_i2c.o
LOAD ./Drivers/STM32F4xx_HAL_Driver/Src/stm32f4xx_hal_i2c_ex.o
LOAD ./Drivers/STM32F4xx_HAL_Driver/Src/stm32f4xx_hal_i2s.o
LOAD ./Drivers/STM32F4xx_HAL_Driver/Src/stm32f4xx_hal_i2s_ex.o
LOAD ./Drivers/STM32F4xx_HAL_Driver/Src/stm32f4xx_hal_pwr.o
LOAD ./Drivers/STM32F4xx_HAL_Driver/Src/stm32f4xx_hal_pwr_ex.o
LOAD ./Drivers/STM32F4xx_HAL_Driver/Src/stm32f4xx_hal_rcc.o
LOAD ./Drivers/STM32F4xx_HAL_Driver/Src/stm32f4xx_hal_rcc_ex.o
LOAD ./Drivers/STM32F4xx_HAL_Driver/Src/stm32f4xx_hal_spi.o
LOAD ./Drivers/STM32F4xx_HAL_Driver/Src/stm32f4xx_hal_tim.o
LOAD ./Drivers/STM32F4xx_HAL_Driver/Src/stm32f4xx_hal_tim_ex.o
LOAD ./Drivers/STM32F4xx_HAL_Driver/Src/stm32f4xx_hal_uart.o
LOAD ./Drivers/STM32F4xx_HAL_Driver/Src/stm32f4xx_ll_usb.o
LOAD ./Middlewares/ST/STM32_USB_Host_Library/Class/CDC/Src/usbh_cdc.o
LOAD ./Middlewares/ST/STM32_USB_Host_Library/Core/Src/usbh_core.o
LOAD ./Middlewares/ST/STM32_USB_Host_Library/Core/Src/usbh_ctlreq.o
LOAD ./Middlewares/ST/STM32_USB_Host_Library/Core/Src/usbh_ioreq.o
LOAD ./Middlewares/ST/STM32_USB_Host_Library/Core/Src/usbh_pipes.o
LOAD ./Middlewares/Third_Party/FreeRTOS/Source/CMSIS_RTOS_V2/cmsis_os2.o
LOAD ./Middlewares/Third_Party/FreeRTOS/Source/croutine.o
LOAD ./Middlewares/Third_Party/FreeRTOS/Source/event_groups.o
LOAD ./Middlewares/Third_Party/FreeRTOS/Source/list.o
LOAD ./Middlewares/Third_Party/FreeRTOS/Source/queue.o
LOAD ./Middlewares/Third_Party/FreeRTOS/Source/stream_buffer.o
LOAD ./Middlewares/Third_Party/FreeRTOS/Source/tasks.o
LOAD ./Middlewares/Third_Party/FreeRTOS/Source/timers.o
LOAD ./Middlewares/Third_Party/FreeRTOS/Source/portable/GCC/ARM_CM4F/port.o
LOAD ./Middlewares/Third_Party/FreeRTOS/Source/portable/MemMang/heap_4.o
LOAD ./USB_HOST/App/usb_host.o
LOAD ./USB_HOST/Target/usbh_conf.o
LOAD ./USB_HOST/Target/usbh_platform.o
START GROUP
LOAD C:/ST/STM32CubeIDE_1.16.1/STM32CubeIDE/plugins/com.st.stm32cube.ide.mcu.externaltools.gnu-tools-for-stm32.12.3.rel1.win32_1.0.200.202406191623/tools/bin/../lib/gcc/arm-none-eabi/12.3.1/../../../../arm-none-eabi/lib/thumb/v7e-m+fp/hard\libc_nano.a
LOAD C:/ST/STM32CubeIDE_1.16.1/STM32CubeIDE/plugins/com.st.stm32cube.ide.mcu.externaltools.gnu-tools-for-stm32.12.3.rel1.win32_1.0.200.202406191623/tools/bin/../lib/gcc/arm-none-eabi/12.3.1/../../../../arm-none-eabi/lib/thumb/v7e-m+fp/hard\libm.a
END GROUP
START GROUP
LOAD C:/ST/STM32CubeIDE_1.16.1/STM32CubeIDE/plugins/com.st.stm32cube.ide.mcu.externaltools.gnu-tools-for-stm32.12.3.rel1.win32_1.0.200.202406191623/tools/bin/../lib/gcc/arm-none-eabi/12.3.1/thumb/v7e-m+fp/hard\libgcc.a
LOAD C:/ST/STM32CubeIDE_1.16.1/STM32CubeIDE/plugins/com.st.stm32cube.ide.mcu.externaltools.gnu-tools-for-stm32.12.3.rel1.win32_1.0.200.202406191623/tools/bin/../lib/gcc/arm-none-eabi/12.3.1/../../../../arm-none-eabi/lib/thumb/v7e-m+fp/hard\libc_nano.a
END GROUP
START GROUP
LOAD C:/ST/STM32CubeIDE_1.16.1/STM32CubeIDE/plugins/com.st.stm32cube.ide.mcu.externaltools.gnu-tools-for-stm32.12.3.rel1.win32_1.0.200.202406191623/tools/bin/../lib/gcc/arm-none-eabi/12.3.1/thumb/v7e-m+fp/hard\libgcc.a
LOAD C:/ST/STM32CubeIDE_1.16.1/STM32CubeIDE/plugins/com.st.stm32cube.ide.mcu.externaltools.gnu-tools-for-stm32.12.3.rel1.win32_1.0.200.202406191623/tools/bin/../lib/gcc/arm-none-eabi/12.3.1/../../../../arm-none-eabi/lib/thumb/v7e-m+fp/hard\libc_nano.a
LOAD C:/ST/STM32CubeIDE_1.16.1/STM32CubeIDE/plugins/com.st.stm32cube.ide.mcu.externaltools.gnu-tools-for-stm32.12.3.rel1.win32_1.0.200.202406191623/tools/bin/../lib/gcc/arm-none-eabi/12.3.1/../../../../arm-none-eabi/lib/thumb/v7e-m+fp/hard\libnosys.a
END GROUP
START GROUP
LOAD C:/ST/STM32CubeIDE_1.16.1/STM32CubeIDE/plugins/com.st.stm32cube.ide.mcu.externaltools.gnu-tools-for-stm32.12.3.rel1.win32_1.0.200.202406191623/tools/bin/../lib/gcc/arm-none-eabi/12.3.1/thumb/v7e-m+fp/hard\libgcc.a
LOAD C:/ST/STM32CubeIDE_1.16.1/STM32CubeIDE/plugins/com.st.stm32cube.ide.mcu.externaltools.gnu-tools-for-stm32.12.3.rel1.win32_1.0.200.202406191623/tools/bin/../lib/gcc/arm-none-eabi/12.3.1/../../../../arm-none-eabi/lib/thumb/v7e-m+fp/hard\libc_nano.a
LOAD C:/ST/STM32CubeIDE_1.16.1/STM32CubeIDE/plugins/com.st.stm32cube.ide.mcu.externaltools.gnu-tools-for-stm32.12.3.rel1.win32_1.0.200.202406191623/tools/bin/../lib/gcc/arm-none-eabi/12.3.1/../../../../arm-none-eabi/lib/thumb/v7e-m+fp/hard\libnosys.a
END GROUP
LOAD C:/ST/STM32CubeIDE_1.16.1/STM32CubeIDE/plugins/com.st.stm32cube.ide.mcu.externaltools.gnu-tools-for-stm32.12.3.rel1.win32_1.0.200.202406191623/tools/bin/../lib/gcc/arm-none-eabi/12.3.1/thumb/v7e-m+fp/hard/crtend.o
LOAD C:/ST/STM32CubeIDE_1.16.1/STM32CubeIDE/plugins/com.st.stm32cube.ide.mcu.externaltools.gnu-tools-for-stm32.12.3.rel1.win32_1.0.200.202406191623/tools/bin/../lib/gcc/arm-none-eabi/12.3.1/thumb/v7e-m+fp/hard/crtn.o
                0x20020000                        _estack = (ORIGIN (RAM) + LENGTH (RAM))
                0x00000200                        _Min_Heap_Size = 0x200
                0x00000400                        _Min_Stack_Size = 0x400

.isr_vector     0x08000000      0x188
                0x08000000                        . = ALIGN (0x4)
 *(.isr_vector)
 .isr_vector    0x08000000      0x188 ./Core/Startup/startup_stm32f407vgtx.o
                0x08000000                g_pfnVectors
                0x08000188                        . = ALIGN (0x4)

.text           0x08000190     0xd67c
                0x08000190                        . = ALIGN (0x4)
 *(.text)
 .text          0x08000190       0x40 C:/ST/STM32CubeIDE_1.16.1/STM32CubeIDE/plugins/com.st.stm32cube.ide.mcu.externaltools.gnu-tools-for-stm32.12.3.rel1.win32_1.0.200.202406191623/tools/bin/../lib/gcc/arm-none-eabi/12.3.1/thumb/v7e-m+fp/hard/crtbegin.o
 .text          0x080001d0       0x10 C:/ST/STM32CubeIDE_1.16.1/STM32CubeIDE/plugins/com.st.stm32cube.ide.mcu.externaltools.gnu-tools-for-stm32.12.3.rel1.win32_1.0.200.202406191623/tools/bin/../lib/gcc/arm-none-eabi/12.3.1/../../../../arm-none-eabi/lib/thumb/v7e-m+fp/hard\libc_nano.a(libc_a-strlen.o)
                0x080001d0                strlen
 .text          0x080001e0       0xa0 C:/ST/STM32CubeIDE_1.16.1/STM32CubeIDE/plugins/com.st.stm32cube.ide.mcu.externaltools.gnu-tools-for-stm32.12.3.rel1.win32_1.0.200.202406191623/tools/bin/../lib/gcc/arm-none-eabi/12.3.1/../../../../arm-none-eabi/lib/thumb/v7e-m+fp/hard\libc_nano.a(libc_a-memchr.o)
                0x080001e0                memchr
 .text          0x08000280       0x30 C:/ST/STM32CubeIDE_1.16.1/STM32CubeIDE/plugins/com.st.stm32cube.ide.mcu.externaltools.gnu-tools-for-stm32.12.3.rel1.win32_1.0.200.202406191623/tools/bin/../lib/gcc/arm-none-eabi/12.3.1/thumb/v7e-m+fp/hard\libgcc.a(_aeabi_uldivmod.o)
                0x08000280                __aeabi_uldivmod
 .text          0x080002b0      0x2bc C:/ST/STM32CubeIDE_1.16.1/STM32CubeIDE/plugins/com.st.stm32cube.ide.mcu.externaltools.gnu-tools-for-stm32.12.3.rel1.win32_1.0.200.202406191623/tools/bin/../lib/gcc/arm-none-eabi/12.3.1/thumb/v7e-m+fp/hard\libgcc.a(_udivmoddi4.o)
                0x080002b0                __udivmoddi4
 .text          0x0800056c        0x4 C:/ST/STM32CubeIDE_1.16.1/STM32CubeIDE/plugins/com.st.stm32cube.ide.mcu.externaltools.gnu-tools-for-stm32.12.3.rel1.win32_1.0.200.202406191623/tools/bin/../lib/gcc/arm-none-eabi/12.3.1/thumb/v7e-m+fp/hard\libgcc.a(_dvmd_tls.o)
                0x0800056c                __aeabi_idiv0
                0x0800056c                __aeabi_ldiv0
 *(.text*)
 .text._log_debug
                0x08000570       0x80 ./Core/Src/log.o
                0x08000570                _log_debug
 .text._log_info
                0x080005f0       0x68 ./Core/Src/log.o
                0x080005f0                _log_info
 .text._log_notice
                0x08000658       0x68 ./Core/Src/log.o
                0x08000658                _log_notice
 .text._log_warning
                0x080006c0       0x68 ./Core/Src/log.o
                0x080006c0                _log_warning
 .text._log_error
                0x08000728       0x80 ./Core/Src/log.o
                0x08000728                _log_error
 .text._log_critical
                0x080007a8       0x80 ./Core/Src/log.o
                0x080007a8                _log_critical
 .text._log     0x08000828       0xc0 ./Core/Src/log.o
                0x08000828                _log
 .text.log_out  0x080008e8       0x44 ./Core/Src/main.o
                0x080008e8                log_out
 .text.main     0x0800092c       0x4c ./Core/Src/main.o
                0x0800092c                main
 .text.SystemClock_Config
                0x08000978       0xd4 ./Core/Src/main.o
                0x08000978                SystemClock_Config
 .text.MX_I2C1_Init
                0x08000a4c       0x5c ./Core/Src/main.o
 .text.MX_I2S3_Init
                0x08000aa8       0x60 ./Core/Src/main.o
 .text.MX_SPI1_Init
                0x08000b08       0x6c ./Core/Src/main.o
 .text.MX_UART4_Init
                0x08000b74       0x54 ./Core/Src/main.o
 .text.MX_USART2_UART_Init
                0x08000bc8       0x54 ./Core/Src/main.o
 .text.MX_GPIO_Init
                0x08000c1c      0x270 ./Core/Src/main.o
 .text.mainTask
                0x08000e8c       0x80 ./Core/Src/main.o
                0x08000e8c                mainTask
 .text.StartDefaultTask
                0x08000f0c       0x2c ./Core/Src/main.o
                0x08000f0c                StartDefaultTask
 .text.HAL_TIM_PeriodElapsedCallback
                0x08000f38       0x24 ./Core/Src/main.o
                0x08000f38                HAL_TIM_PeriodElapsedCallback
 .text.Error_Handler
                0x08000f5c        0xc ./Core/Src/main.o
                0x08000f5c                Error_Handler
 .text.HAL_MspInit
                0x08000f68       0x58 ./Core/Src/stm32f4xx_hal_msp.o
                0x08000f68                HAL_MspInit
 .text.HAL_I2C_MspInit
                0x08000fc0       0x90 ./Core/Src/stm32f4xx_hal_msp.o
                0x08000fc0                HAL_I2C_MspInit
 .text.HAL_I2S_MspInit
                0x08001050      0x100 ./Core/Src/stm32f4xx_hal_msp.o
                0x08001050                HAL_I2S_MspInit
 .text.HAL_SPI_MspInit
                0x08001150       0x90 ./Core/Src/stm32f4xx_hal_msp.o
                0x08001150                HAL_SPI_MspInit
 .text.HAL_UART_MspInit
                0x080011e0      0x118 ./Core/Src/stm32f4xx_hal_msp.o
                0x080011e0                HAL_UART_MspInit
 .text.HAL_InitTick
                0x080012f8       0xe8 ./Core/Src/stm32f4xx_hal_timebase_tim.o
                0x080012f8                HAL_InitTick
 .text.NMI_Handler
                0x080013e0        0x8 ./Core/Src/stm32f4xx_it.o
                0x080013e0                NMI_Handler
 .text.HardFault_Handler
                0x080013e8        0x8 ./Core/Src/stm32f4xx_it.o
                0x080013e8                HardFault_Handler
 .text.MemManage_Handler
                0x080013f0        0x8 ./Core/Src/stm32f4xx_it.o
                0x080013f0                MemManage_Handler
 .text.BusFault_Handler
                0x080013f8        0x8 ./Core/Src/stm32f4xx_it.o
                0x080013f8                BusFault_Handler
 .text.UsageFault_Handler
                0x08001400        0x8 ./Core/Src/stm32f4xx_it.o
                0x08001400                UsageFault_Handler
 .text.DebugMon_Handler
                0x08001408        0xe ./Core/Src/stm32f4xx_it.o
                0x08001408                DebugMon_Handler
 .text.EXTI0_IRQHandler
                0x08001416        0xe ./Core/Src/stm32f4xx_it.o
                0x08001416                EXTI0_IRQHandler
 .text.TIM1_UP_TIM10_IRQHandler
                0x08001424       0x14 ./Core/Src/stm32f4xx_it.o
                0x08001424                TIM1_UP_TIM10_IRQHandler
 .text.USART2_IRQHandler
                0x08001438       0x14 ./Core/Src/stm32f4xx_it.o
                0x08001438                USART2_IRQHandler
 .text.UART4_IRQHandler
                0x0800144c       0x14 ./Core/Src/stm32f4xx_it.o
                0x0800144c                UART4_IRQHandler
 .text.OTG_FS_IRQHandler
                0x08001460       0x14 ./Core/Src/stm32f4xx_it.o
                0x08001460                OTG_FS_IRQHandler
 .text._sbrk    0x08001474       0x6c ./Core/Src/sysmem.o
                0x08001474                _sbrk
 .text.SystemInit
                0x080014e0       0x24 ./Core/Src/system_stm32f4xx.o
                0x080014e0                SystemInit
 .text.Reset_Handler
                0x08001504       0x50 ./Core/Startup/startup_stm32f407vgtx.o
                0x08001504                Reset_Handler
 .text.Default_Handler
                0x08001554        0x2 ./Core/Startup/startup_stm32f407vgtx.o
                0x08001554                RTC_Alarm_IRQHandler
                0x08001554                HASH_RNG_IRQHandler
                0x08001554                EXTI2_IRQHandler
                0x08001554                TIM8_CC_IRQHandler
                0x08001554                TIM1_CC_IRQHandler
                0x08001554                DMA2_Stream5_IRQHandler
                0x08001554                DMA1_Stream5_IRQHandler
                0x08001554                PVD_IRQHandler
                0x08001554                SDIO_IRQHandler
                0x08001554                TAMP_STAMP_IRQHandler
                0x08001554                CAN2_RX1_IRQHandler
                0x08001554                EXTI3_IRQHandler
                0x08001554                TIM8_TRG_COM_TIM14_IRQHandler
                0x08001554                TIM8_UP_TIM13_IRQHandler
                0x08001554                I2C3_ER_IRQHandler
                0x08001554                I2C2_EV_IRQHandler
                0x08001554                DMA1_Stream2_IRQHandler
                0x08001554                CAN1_RX0_IRQHandler
                0x08001554                FPU_IRQHandler
                0x08001554                OTG_HS_WKUP_IRQHandler
                0x08001554                CAN2_SCE_IRQHandler
                0x08001554                DMA2_Stream2_IRQHandler
                0x08001554                SPI1_IRQHandler
                0x08001554                TIM6_DAC_IRQHandler
                0x08001554                TIM1_BRK_TIM9_IRQHandler
                0x08001554                DCMI_IRQHandler
                0x08001554                CAN2_RX0_IRQHandler
                0x08001554                DMA2_Stream3_IRQHandler
                0x08001554                USART6_IRQHandler
                0x08001554                USART3_IRQHandler
                0x08001554                CAN1_RX1_IRQHandler
                0x08001554                UART5_IRQHandler
                0x08001554                DMA2_Stream0_IRQHandler
                0x08001554                TIM4_IRQHandler
                0x08001554                I2C1_EV_IRQHandler
                0x08001554                DMA1_Stream6_IRQHandler
                0x08001554                DMA1_Stream1_IRQHandler
                0x08001554                TIM3_IRQHandler
                0x08001554                RCC_IRQHandler
                0x08001554                TIM8_BRK_TIM12_IRQHandler
                0x08001554                Default_Handler
                0x08001554                EXTI15_10_IRQHandler
                0x08001554                ADC_IRQHandler
                0x08001554                DMA1_Stream7_IRQHandler
                0x08001554                TIM7_IRQHandler
                0x08001554                CAN2_TX_IRQHandler
                0x08001554                TIM5_IRQHandler
                0x08001554                DMA2_Stream7_IRQHandler
                0x08001554                I2C3_EV_IRQHandler
                0x08001554                EXTI9_5_IRQHandler
                0x08001554                RTC_WKUP_IRQHandler
                0x08001554                ETH_WKUP_IRQHandler
                0x08001554                SPI2_IRQHandler
                0x08001554                OTG_HS_EP1_IN_IRQHandler
                0x08001554                DMA1_Stream0_IRQHandler
                0x08001554                CAN1_TX_IRQHandler
                0x08001554                EXTI4_IRQHandler
                0x08001554                FSMC_IRQHandler
                0x08001554                ETH_IRQHandler
                0x08001554                OTG_HS_EP1_OUT_IRQHandler
                0x08001554                WWDG_IRQHandler
                0x08001554                TIM2_IRQHandler
                0x08001554                OTG_FS_WKUP_IRQHandler
                0x08001554                TIM1_TRG_COM_TIM11_IRQHandler
                0x08001554                OTG_HS_IRQHandler
                0x08001554                EXTI1_IRQHandler
                0x08001554                I2C2_ER_IRQHandler
                0x08001554                DMA2_Stream1_IRQHandler
                0x08001554                CAN1_SCE_IRQHandler
                0x08001554                FLASH_IRQHandler
                0x08001554                DMA2_Stream4_IRQHandler
                0x08001554                USART1_IRQHandler
                0x08001554                SPI3_IRQHandler
                0x08001554                DMA1_Stream4_IRQHandler
                0x08001554                I2C1_ER_IRQHandler
                0x08001554                DMA2_Stream6_IRQHandler
                0x08001554                DMA1_Stream3_IRQHandler
 *fill*         0x08001556        0x2 
 .text.HAL_Init
                0x08001558       0x44 ./Drivers/STM32F4xx_HAL_Driver/Src/stm32f4xx_hal.o
                0x08001558                HAL_Init
 .text.HAL_IncTick
                0x0800159c       0x28 ./Drivers/STM32F4xx_HAL_Driver/Src/stm32f4xx_hal.o
                0x0800159c                HAL_IncTick
 .text.HAL_GetTick
                0x080015c4       0x18 ./Drivers/STM32F4xx_HAL_Driver/Src/stm32f4xx_hal.o
                0x080015c4                HAL_GetTick
 .text.HAL_Delay
                0x080015dc       0x48 ./Drivers/STM32F4xx_HAL_Driver/Src/stm32f4xx_hal.o
                0x080015dc                HAL_Delay
 .text.__NVIC_SetPriorityGrouping
                0x08001624       0x48 ./Drivers/STM32F4xx_HAL_Driver/Src/stm32f4xx_hal_cortex.o
 .text.__NVIC_GetPriorityGrouping
                0x0800166c       0x1c ./Drivers/STM32F4xx_HAL_Driver/Src/stm32f4xx_hal_cortex.o
 .text.__NVIC_EnableIRQ
                0x08001688       0x3c ./Drivers/STM32F4xx_HAL_Driver/Src/stm32f4xx_hal_cortex.o
 .text.__NVIC_SetPriority
                0x080016c4       0x54 ./Drivers/STM32F4xx_HAL_Driver/Src/stm32f4xx_hal_cortex.o
 .text.NVIC_EncodePriority
                0x08001718       0x66 ./Drivers/STM32F4xx_HAL_Driver/Src/stm32f4xx_hal_cortex.o
 .text.HAL_NVIC_SetPriorityGrouping
                0x0800177e       0x16 ./Drivers/STM32F4xx_HAL_Driver/Src/stm32f4xx_hal_cortex.o
                0x0800177e                HAL_NVIC_SetPriorityGrouping
 .text.HAL_NVIC_SetPriority
                0x08001794       0x38 ./Drivers/STM32F4xx_HAL_Driver/Src/stm32f4xx_hal_cortex.o
                0x08001794                HAL_NVIC_SetPriority
 .text.HAL_NVIC_EnableIRQ
                0x080017cc       0x1c ./Drivers/STM32F4xx_HAL_Driver/Src/stm32f4xx_hal_cortex.o
                0x080017cc                HAL_NVIC_EnableIRQ
 .text.HAL_DMA_Abort
                0x080017e8       0xe0 ./Drivers/STM32F4xx_HAL_Driver/Src/stm32f4xx_hal_dma.o
                0x080017e8                HAL_DMA_Abort
 .text.HAL_DMA_Abort_IT
                0x080018c8       0x44 ./Drivers/STM32F4xx_HAL_Driver/Src/stm32f4xx_hal_dma.o
                0x080018c8                HAL_DMA_Abort_IT
 .text.HAL_GPIO_Init
                0x0800190c      0x338 ./Drivers/STM32F4xx_HAL_Driver/Src/stm32f4xx_hal_gpio.o
                0x0800190c                HAL_GPIO_Init
 .text.HAL_GPIO_WritePin
                0x08001c44       0x32 ./Drivers/STM32F4xx_HAL_Driver/Src/stm32f4xx_hal_gpio.o
                0x08001c44                HAL_GPIO_WritePin
 *fill*         0x08001c76        0x2 
 .text.HAL_GPIO_EXTI_IRQHandler
                0x08001c78       0x30 ./Drivers/STM32F4xx_HAL_Driver/Src/stm32f4xx_hal_gpio.o
                0x08001c78                HAL_GPIO_EXTI_IRQHandler
 .text.HAL_GPIO_EXTI_Callback
                0x08001ca8       0x16 ./Drivers/STM32F4xx_HAL_Driver/Src/stm32f4xx_hal_gpio.o
                0x08001ca8                HAL_GPIO_EXTI_Callback
 .text.HAL_HCD_Init
                0x08001cbe       0xc4 ./Drivers/STM32F4xx_HAL_Driver/Src/stm32f4xx_hal_hcd.o
                0x08001cbe                HAL_HCD_Init
 .text.HAL_HCD_HC_Init
                0x08001d82      0x11e ./Drivers/STM32F4xx_HAL_Driver/Src/stm32f4xx_hal_hcd.o
                0x08001d82                HAL_HCD_HC_Init
 .text.HAL_HCD_HC_Halt
                0x08001ea0       0x46 ./Drivers/STM32F4xx_HAL_Driver/Src/stm32f4xx_hal_hcd.o
                0x08001ea0                HAL_HCD_HC_Halt
 *fill*         0x08001ee6        0x2 
 .text.HAL_HCD_HC_SubmitRequest
                0x08001ee8      0x2ac ./Drivers/STM32F4xx_HAL_Driver/Src/stm32f4xx_hal_hcd.o
                0x08001ee8                HAL_HCD_HC_SubmitRequest
 .text.HAL_HCD_IRQHandler
                0x08002194      0x216 ./Drivers/STM32F4xx_HAL_Driver/Src/stm32f4xx_hal_hcd.o
                0x08002194                HAL_HCD_IRQHandler
 .text.HAL_HCD_Start
                0x080023aa       0x46 ./Drivers/STM32F4xx_HAL_Driver/Src/stm32f4xx_hal_hcd.o
                0x080023aa                HAL_HCD_Start
 .text.HAL_HCD_Stop
                0x080023f0       0x3a ./Drivers/STM32F4xx_HAL_Driver/Src/stm32f4xx_hal_hcd.o
                0x080023f0                HAL_HCD_Stop
 .text.HAL_HCD_ResetPort
                0x0800242a       0x1c ./Drivers/STM32F4xx_HAL_Driver/Src/stm32f4xx_hal_hcd.o
                0x0800242a                HAL_HCD_ResetPort
 .text.HAL_HCD_HC_GetURBState
                0x08002446       0x28 ./Drivers/STM32F4xx_HAL_Driver/Src/stm32f4xx_hal_hcd.o
                0x08002446                HAL_HCD_HC_GetURBState
 .text.HAL_HCD_HC_GetXferCount
                0x0800246e       0x28 ./Drivers/STM32F4xx_HAL_Driver/Src/stm32f4xx_hal_hcd.o
                0x0800246e                HAL_HCD_HC_GetXferCount
 .text.HAL_HCD_GetCurrentFrame
                0x08002496       0x1c ./Drivers/STM32F4xx_HAL_Driver/Src/stm32f4xx_hal_hcd.o
                0x08002496                HAL_HCD_GetCurrentFrame
 .text.HAL_HCD_GetCurrentSpeed
                0x080024b2       0x1c ./Drivers/STM32F4xx_HAL_Driver/Src/stm32f4xx_hal_hcd.o
                0x080024b2                HAL_HCD_GetCurrentSpeed
 .text.HCD_HC_IN_IRQHandler
                0x080024ce      0x6aa ./Drivers/STM32F4xx_HAL_Driver/Src/stm32f4xx_hal_hcd.o
 .text.HCD_HC_OUT_IRQHandler
                0x08002b78      0x6d2 ./Drivers/STM32F4xx_HAL_Driver/Src/stm32f4xx_hal_hcd.o
 .text.HCD_RXQLVL_IRQHandler
                0x0800324a      0x1a4 ./Drivers/STM32F4xx_HAL_Driver/Src/stm32f4xx_hal_hcd.o
 .text.HCD_Port_IRQHandler
                0x080033ee       0xe6 ./Drivers/STM32F4xx_HAL_Driver/Src/stm32f4xx_hal_hcd.o
 .text.HAL_I2C_Init
                0x080034d4      0x288 ./Drivers/STM32F4xx_HAL_Driver/Src/stm32f4xx_hal_i2c.o
                0x080034d4                HAL_I2C_Init
 .text.HAL_I2S_Init
                0x0800375c      0x280 ./Drivers/STM32F4xx_HAL_Driver/Src/stm32f4xx_hal_i2s.o
                0x0800375c                HAL_I2S_Init
 .text.HAL_I2S_TxCpltCallback
                0x080039dc       0x14 ./Drivers/STM32F4xx_HAL_Driver/Src/stm32f4xx_hal_i2s.o
                0x080039dc                HAL_I2S_TxCpltCallback
 .text.HAL_I2S_RxCpltCallback
                0x080039f0       0x14 ./Drivers/STM32F4xx_HAL_Driver/Src/stm32f4xx_hal_i2s.o
                0x080039f0                HAL_I2S_RxCpltCallback
 .text.HAL_I2S_ErrorCallback
                0x08003a04       0x14 ./Drivers/STM32F4xx_HAL_Driver/Src/stm32f4xx_hal_i2s.o
                0x08003a04                HAL_I2S_ErrorCallback
 .text.I2S_Transmit_IT
                0x08003a18       0x5c ./Drivers/STM32F4xx_HAL_Driver/Src/stm32f4xx_hal_i2s.o
 .text.I2S_Receive_IT
                0x08003a74       0x5e ./Drivers/STM32F4xx_HAL_Driver/Src/stm32f4xx_hal_i2s.o
 .text.I2S_IRQHandler
                0x08003ad2      0x114 ./Drivers/STM32F4xx_HAL_Driver/Src/stm32f4xx_hal_i2s.o
 *fill*         0x08003be6        0x2 
 .text.HAL_I2SEx_FullDuplex_IRQHandler
                0x08003be8      0x2a8 ./Drivers/STM32F4xx_HAL_Driver/Src/stm32f4xx_hal_i2s_ex.o
                0x08003be8                HAL_I2SEx_FullDuplex_IRQHandler
 .text.HAL_I2SEx_TxRxCpltCallback
                0x08003e90       0x14 ./Drivers/STM32F4xx_HAL_Driver/Src/stm32f4xx_hal_i2s_ex.o
                0x08003e90                HAL_I2SEx_TxRxCpltCallback
 .text.I2SEx_TxISR_I2S
                0x08003ea4       0x62 ./Drivers/STM32F4xx_HAL_Driver/Src/stm32f4xx_hal_i2s_ex.o
 *fill*         0x08003f06        0x2 
 .text.I2SEx_TxISR_I2SExt
                0x08003f08       0x98 ./Drivers/STM32F4xx_HAL_Driver/Src/stm32f4xx_hal_i2s_ex.o
 .text.I2SEx_RxISR_I2S
                0x08003fa0       0x64 ./Drivers/STM32F4xx_HAL_Driver/Src/stm32f4xx_hal_i2s_ex.o
 .text.I2SEx_RxISR_I2SExt
                0x08004004       0x98 ./Drivers/STM32F4xx_HAL_Driver/Src/stm32f4xx_hal_i2s_ex.o
 .text.HAL_RCC_OscConfig
                0x0800409c      0x4f0 ./Drivers/STM32F4xx_HAL_Driver/Src/stm32f4xx_hal_rcc.o
                0x0800409c                HAL_RCC_OscConfig
 .text.HAL_RCC_ClockConfig
                0x0800458c      0x1cc ./Drivers/STM32F4xx_HAL_Driver/Src/stm32f4xx_hal_rcc.o
                0x0800458c                HAL_RCC_ClockConfig
 .text.HAL_RCC_GetSysClockFreq
                0x08004758      0x20c ./Drivers/STM32F4xx_HAL_Driver/Src/stm32f4xx_hal_rcc.o
                0x08004758                HAL_RCC_GetSysClockFreq
 .text.HAL_RCC_GetHCLKFreq
                0x08004964       0x18 ./Drivers/STM32F4xx_HAL_Driver/Src/stm32f4xx_hal_rcc.o
                0x08004964                HAL_RCC_GetHCLKFreq
 .text.HAL_RCC_GetPCLK1Freq
                0x0800497c       0x28 ./Drivers/STM32F4xx_HAL_Driver/Src/stm32f4xx_hal_rcc.o
                0x0800497c                HAL_RCC_GetPCLK1Freq
 .text.HAL_RCC_GetPCLK2Freq
                0x080049a4       0x28 ./Drivers/STM32F4xx_HAL_Driver/Src/stm32f4xx_hal_rcc.o
                0x080049a4                HAL_RCC_GetPCLK2Freq
 .text.HAL_RCC_GetClockConfig
                0x080049cc       0x64 ./Drivers/STM32F4xx_HAL_Driver/Src/stm32f4xx_hal_rcc.o
                0x080049cc                HAL_RCC_GetClockConfig
 .text.HAL_RCCEx_PeriphCLKConfig
                0x08004a30      0x1c4 ./Drivers/STM32F4xx_HAL_Driver/Src/stm32f4xx_hal_rcc_ex.o
                0x08004a30                HAL_RCCEx_PeriphCLKConfig
 .text.HAL_RCCEx_GetPeriphCLKFreq
                0x08004bf4       0xbc ./Drivers/STM32F4xx_HAL_Driver/Src/stm32f4xx_hal_rcc_ex.o
                0x08004bf4                HAL_RCCEx_GetPeriphCLKFreq
 .text.HAL_SPI_Init
                0x08004cb0      0x112 ./Drivers/STM32F4xx_HAL_Driver/Src/stm32f4xx_hal_spi.o
                0x08004cb0                HAL_SPI_Init
 .text.HAL_TIM_Base_Init
                0x08004dc2       0x9e ./Drivers/STM32F4xx_HAL_Driver/Src/stm32f4xx_hal_tim.o
                0x08004dc2                HAL_TIM_Base_Init
 .text.HAL_TIM_Base_MspInit
                0x08004e60       0x14 ./Drivers/STM32F4xx_HAL_Driver/Src/stm32f4xx_hal_tim.o
                0x08004e60                HAL_TIM_Base_MspInit
 .text.HAL_TIM_Base_Start_IT
                0x08004e74       0xe0 ./Drivers/STM32F4xx_HAL_Driver/Src/stm32f4xx_hal_tim.o
                0x08004e74                HAL_TIM_Base_Start_IT
 .text.HAL_TIM_IRQHandler
                0x08004f54      0x210 ./Drivers/STM32F4xx_HAL_Driver/Src/stm32f4xx_hal_tim.o
                0x08004f54                HAL_TIM_IRQHandler
 .text.HAL_TIM_OC_DelayElapsedCallback
                0x08005164       0x14 ./Drivers/STM32F4xx_HAL_Driver/Src/stm32f4xx_hal_tim.o
                0x08005164                HAL_TIM_OC_DelayElapsedCallback
 .text.HAL_TIM_IC_CaptureCallback
                0x08005178       0x14 ./Drivers/STM32F4xx_HAL_Driver/Src/stm32f4xx_hal_tim.o
                0x08005178                HAL_TIM_IC_CaptureCallback
 .text.HAL_TIM_PWM_PulseFinishedCallback
                0x0800518c       0x14 ./Drivers/STM32F4xx_HAL_Driver/Src/stm32f4xx_hal_tim.o
                0x0800518c                HAL_TIM_PWM_PulseFinishedCallback
 .text.HAL_TIM_TriggerCallback
                0x080051a0       0x14 ./Drivers/STM32F4xx_HAL_Driver/Src/stm32f4xx_hal_tim.o
                0x080051a0                HAL_TIM_TriggerCallback
 .text.TIM_Base_SetConfig
                0x080051b4      0x140 ./Drivers/STM32F4xx_HAL_Driver/Src/stm32f4xx_hal_tim.o
                0x080051b4                TIM_Base_SetConfig
 .text.HAL_TIMEx_CommutCallback
                0x080052f4       0x14 ./Drivers/STM32F4xx_HAL_Driver/Src/stm32f4xx_hal_tim_ex.o
                0x080052f4                HAL_TIMEx_CommutCallback
 .text.HAL_TIMEx_BreakCallback
                0x08005308       0x14 ./Drivers/STM32F4xx_HAL_Driver/Src/stm32f4xx_hal_tim_ex.o
                0x08005308                HAL_TIMEx_BreakCallback
 .text.HAL_UART_Init
                0x0800531c       0x9a ./Drivers/STM32F4xx_HAL_Driver/Src/stm32f4xx_hal_uart.o
                0x0800531c                HAL_UART_Init
 .text.HAL_UART_Transmit
                0x080053b6      0x124 ./Drivers/STM32F4xx_HAL_Driver/Src/stm32f4xx_hal_uart.o
                0x080053b6                HAL_UART_Transmit
 *fill*         0x080054da        0x2 
 .text.HAL_UART_IRQHandler
                0x080054dc      0x51c ./Drivers/STM32F4xx_HAL_Driver/Src/stm32f4xx_hal_uart.o
                0x080054dc                HAL_UART_IRQHandler
 .text.HAL_UART_TxCpltCallback
                0x080059f8       0x14 ./Drivers/STM32F4xx_HAL_Driver/Src/stm32f4xx_hal_uart.o
                0x080059f8                HAL_UART_TxCpltCallback
 .text.HAL_UART_RxCpltCallback
                0x08005a0c       0x14 ./Drivers/STM32F4xx_HAL_Driver/Src/stm32f4xx_hal_uart.o
                0x08005a0c                HAL_UART_RxCpltCallback
 .text.HAL_UART_ErrorCallback
                0x08005a20       0x14 ./Drivers/STM32F4xx_HAL_Driver/Src/stm32f4xx_hal_uart.o
                0x08005a20                HAL_UART_ErrorCallback
 .text.HAL_UARTEx_RxEventCallback
                0x08005a34       0x18 ./Drivers/STM32F4xx_HAL_Driver/Src/stm32f4xx_hal_uart.o
                0x08005a34                HAL_UARTEx_RxEventCallback
 .text.UART_WaitOnFlagUntilTimeout
                0x08005a4c       0xdc ./Drivers/STM32F4xx_HAL_Driver/Src/stm32f4xx_hal_uart.o
 .text.UART_EndRxTransfer
                0x08005b28       0xc6 ./Drivers/STM32F4xx_HAL_Driver/Src/stm32f4xx_hal_uart.o
 .text.UART_DMAAbortOnError
                0x08005bee       0x28 ./Drivers/STM32F4xx_HAL_Driver/Src/stm32f4xx_hal_uart.o
 .text.UART_Transmit_IT
                0x08005c16       0xa0 ./Drivers/STM32F4xx_HAL_Driver/Src/stm32f4xx_hal_uart.o
 .text.UART_EndTransmit_IT
                0x08005cb6       0x30 ./Drivers/STM32F4xx_HAL_Driver/Src/stm32f4xx_hal_uart.o
 .text.UART_Receive_IT
                0x08005ce6      0x176 ./Drivers/STM32F4xx_HAL_Driver/Src/stm32f4xx_hal_uart.o
 .text.UART_SetConfig
                0x08005e5c      0x4e8 ./Drivers/STM32F4xx_HAL_Driver/Src/stm32f4xx_hal_uart.o
 .text.USB_CoreInit
                0x08006344       0xc2 ./Drivers/STM32F4xx_HAL_Driver/Src/stm32f4xx_ll_usb.o
                0x08006344                USB_CoreInit
 .text.USB_EnableGlobalInt
                0x08006406       0x22 ./Drivers/STM32F4xx_HAL_Driver/Src/stm32f4xx_ll_usb.o
                0x08006406                USB_EnableGlobalInt
 .text.USB_DisableGlobalInt
                0x08006428       0x22 ./Drivers/STM32F4xx_HAL_Driver/Src/stm32f4xx_ll_usb.o
                0x08006428                USB_DisableGlobalInt
 .text.USB_SetCurrentMode
                0x0800644a       0x98 ./Drivers/STM32F4xx_HAL_Driver/Src/stm32f4xx_ll_usb.o
                0x0800644a                USB_SetCurrentMode
 *fill*         0x080064e2        0x2 
 .text.USB_FlushTxFifo
                0x080064e4       0x68 ./Drivers/STM32F4xx_HAL_Driver/Src/stm32f4xx_ll_usb.o
                0x080064e4                USB_FlushTxFifo
 .text.USB_FlushRxFifo
                0x0800654c       0x60 ./Drivers/STM32F4xx_HAL_Driver/Src/stm32f4xx_ll_usb.o
                0x0800654c                USB_FlushRxFifo
 .text.USB_WritePacket
                0x080065ac       0x7c ./Drivers/STM32F4xx_HAL_Driver/Src/stm32f4xx_ll_usb.o
                0x080065ac                USB_WritePacket
 .text.USB_ReadPacket
                0x08006628       0xb0 ./Drivers/STM32F4xx_HAL_Driver/Src/stm32f4xx_ll_usb.o
                0x08006628                USB_ReadPacket
 .text.USB_ReadInterrupts
                0x080066d8       0x26 ./Drivers/STM32F4xx_HAL_Driver/Src/stm32f4xx_ll_usb.o
                0x080066d8                USB_ReadInterrupts
 .text.USB_GetMode
                0x080066fe       0x1c ./Drivers/STM32F4xx_HAL_Driver/Src/stm32f4xx_ll_usb.o
                0x080066fe                USB_GetMode
 *fill*         0x0800671a        0x2 
 .text.USB_CoreReset
                0x0800671c       0x68 ./Drivers/STM32F4xx_HAL_Driver/Src/stm32f4xx_ll_usb.o
 .text.USB_HostInit
                0x08006784      0x180 ./Drivers/STM32F4xx_HAL_Driver/Src/stm32f4xx_ll_usb.o
                0x08006784                USB_HostInit
 .text.USB_InitFSLSPClkSel
                0x08006904       0x74 ./Drivers/STM32F4xx_HAL_Driver/Src/stm32f4xx_ll_usb.o
                0x08006904                USB_InitFSLSPClkSel
 .text.USB_ResetPort
                0x08006978       0x54 ./Drivers/STM32F4xx_HAL_Driver/Src/stm32f4xx_ll_usb.o
                0x08006978                USB_ResetPort
 .text.USB_DriveVbus
                0x080069cc       0x72 ./Drivers/STM32F4xx_HAL_Driver/Src/stm32f4xx_ll_usb.o
                0x080069cc                USB_DriveVbus
 .text.USB_GetHostSpeed
                0x08006a3e       0x2e ./Drivers/STM32F4xx_HAL_Driver/Src/stm32f4xx_ll_usb.o
                0x08006a3e                USB_GetHostSpeed
 .text.USB_GetCurrentFrame
                0x08006a6c       0x22 ./Drivers/STM32F4xx_HAL_Driver/Src/stm32f4xx_ll_usb.o
                0x08006a6c                USB_GetCurrentFrame
 *fill*         0x08006a8e        0x2 
 .text.USB_HC_Init
                0x08006a90      0x244 ./Drivers/STM32F4xx_HAL_Driver/Src/stm32f4xx_ll_usb.o
                0x08006a90                USB_HC_Init
 .text.USB_HC_StartXfer
                0x08006cd4      0x284 ./Drivers/STM32F4xx_HAL_Driver/Src/stm32f4xx_ll_usb.o
                0x08006cd4                USB_HC_StartXfer
 .text.USB_HC_ReadInterrupt
                0x08006f58       0x22 ./Drivers/STM32F4xx_HAL_Driver/Src/stm32f4xx_ll_usb.o
                0x08006f58                USB_HC_ReadInterrupt
 .text.USB_HC_Halt
                0x08006f7a      0x1f8 ./Drivers/STM32F4xx_HAL_Driver/Src/stm32f4xx_ll_usb.o
                0x08006f7a                USB_HC_Halt
 *fill*         0x08007172        0x2 
 .text.USB_DoPing
                0x08007174       0x78 ./Drivers/STM32F4xx_HAL_Driver/Src/stm32f4xx_ll_usb.o
                0x08007174                USB_DoPing
 .text.USB_StopHost
                0x080071ec      0x124 ./Drivers/STM32F4xx_HAL_Driver/Src/stm32f4xx_ll_usb.o
                0x080071ec                USB_StopHost
 .text.USBH_CDC_InterfaceInit
                0x08007310      0x2ac ./Middlewares/ST/STM32_USB_Host_Library/Class/CDC/Src/usbh_cdc.o
 .text.USBH_CDC_InterfaceDeInit
                0x080075bc       0xb2 ./Middlewares/ST/STM32_USB_Host_Library/Class/CDC/Src/usbh_cdc.o
 .text.USBH_CDC_ClassRequest
                0x0800766e       0x3e ./Middlewares/ST/STM32_USB_Host_Library/Class/CDC/Src/usbh_cdc.o
 .text.USBH_CDC_Process
                0x080076ac      0x12c ./Middlewares/ST/STM32_USB_Host_Library/Class/CDC/Src/usbh_cdc.o
 .text.USBH_CDC_SOFProcess
                0x080077d8       0x16 ./Middlewares/ST/STM32_USB_Host_Library/Class/CDC/Src/usbh_cdc.o
 .text.GetLineCoding
                0x080077ee       0x3e ./Middlewares/ST/STM32_USB_Host_Library/Class/CDC/Src/usbh_cdc.o
 .text.SetLineCoding
                0x0800782c       0x3e ./Middlewares/ST/STM32_USB_Host_Library/Class/CDC/Src/usbh_cdc.o
 .text.CDC_ProcessTransmission
                0x0800786a      0x124 ./Middlewares/ST/STM32_USB_Host_Library/Class/CDC/Src/usbh_cdc.o
 .text.CDC_ProcessReception
                0x0800798e       0xd2 ./Middlewares/ST/STM32_USB_Host_Library/Class/CDC/Src/usbh_cdc.o
 .text.USBH_CDC_TransmitCallback
                0x08007a60       0x14 ./Middlewares/ST/STM32_USB_Host_Library/Class/CDC/Src/usbh_cdc.o
                0x08007a60                USBH_CDC_TransmitCallback
 .text.USBH_CDC_ReceiveCallback
                0x08007a74       0x14 ./Middlewares/ST/STM32_USB_Host_Library/Class/CDC/Src/usbh_cdc.o
                0x08007a74                USBH_CDC_ReceiveCallback
 .text.USBH_CDC_LineCodingChanged
                0x08007a88       0x14 ./Middlewares/ST/STM32_USB_Host_Library/Class/CDC/Src/usbh_cdc.o
                0x08007a88                USBH_CDC_LineCodingChanged
 .text.USBH_Init
                0x08007a9c       0xb8 ./Middlewares/ST/STM32_USB_Host_Library/Core/Src/usbh_core.o
                0x08007a9c                USBH_Init
 .text.DeInitStateMachine
                0x08007b54       0xa8 ./Middlewares/ST/STM32_USB_Host_Library/Core/Src/usbh_core.o
 .text.USBH_RegisterClass
                0x08007bfc       0x54 ./Middlewares/ST/STM32_USB_Host_Library/Core/Src/usbh_core.o
                0x08007bfc                USBH_RegisterClass
 .text.USBH_SelectInterface
                0x08007c50       0x38 ./Middlewares/ST/STM32_USB_Host_Library/Core/Src/usbh_core.o
                0x08007c50                USBH_SelectInterface
 .text.USBH_FindInterface
                0x08007c88       0x8c ./Middlewares/ST/STM32_USB_Host_Library/Core/Src/usbh_core.o
                0x08007c88                USBH_FindInterface
 .text.USBH_Start
                0x08007d14       0x20 ./Middlewares/ST/STM32_USB_Host_Library/Core/Src/usbh_core.o
                0x08007d14                USBH_Start
 .text.USBH_Process
                0x08007d34      0x4d4 ./Middlewares/ST/STM32_USB_Host_Library/Core/Src/usbh_core.o
                0x08007d34                USBH_Process
 .text.USBH_HandleEnum
                0x08008208      0x450 ./Middlewares/ST/STM32_USB_Host_Library/Core/Src/usbh_core.o
 .text.USBH_LL_SetTimer
                0x08008658       0x1e ./Middlewares/ST/STM32_USB_Host_Library/Core/Src/usbh_core.o
                0x08008658                USBH_LL_SetTimer
 .text.USBH_LL_IncTimer
                0x08008676       0x24 ./Middlewares/ST/STM32_USB_Host_Library/Core/Src/usbh_core.o
                0x08008676                USBH_LL_IncTimer
 .text.USBH_HandleSof
                0x0800869a       0x30 ./Middlewares/ST/STM32_USB_Host_Library/Core/Src/usbh_core.o
 .text.USBH_LL_PortEnabled
                0x080086ca       0x34 ./Middlewares/ST/STM32_USB_Host_Library/Core/Src/usbh_core.o
                0x080086ca                USBH_LL_PortEnabled
 .text.USBH_LL_PortDisabled
                0x080086fe       0x1c ./Middlewares/ST/STM32_USB_Host_Library/Core/Src/usbh_core.o
                0x080086fe                USBH_LL_PortDisabled
 .text.USBH_LL_Connect
                0x0800871a       0x46 ./Middlewares/ST/STM32_USB_Host_Library/Core/Src/usbh_core.o
                0x0800871a                USBH_LL_Connect
 .text.USBH_LL_Disconnect
                0x08008760       0x64 ./Middlewares/ST/STM32_USB_Host_Library/Core/Src/usbh_core.o
                0x08008760                USBH_LL_Disconnect
 .text.USBH_Process_OS
                0x080087c4       0x2e ./Middlewares/ST/STM32_USB_Host_Library/Core/Src/usbh_core.o
 .text.USBH_LL_NotifyURBChange
                0x080087f2       0x2e ./Middlewares/ST/STM32_USB_Host_Library/Core/Src/usbh_core.o
                0x080087f2                USBH_LL_NotifyURBChange
 .text.USBH_Get_DevDesc
                0x08008820       0x50 ./Middlewares/ST/STM32_USB_Host_Library/Core/Src/usbh_ctlreq.o
                0x08008820                USBH_Get_DevDesc
 .text.USBH_Get_CfgDesc
                0x08008870       0x48 ./Middlewares/ST/STM32_USB_Host_Library/Core/Src/usbh_ctlreq.o
                0x08008870                USBH_Get_CfgDesc
 .text.USBH_Get_StringDesc
                0x080088b8       0x56 ./Middlewares/ST/STM32_USB_Host_Library/Core/Src/usbh_ctlreq.o
                0x080088b8                USBH_Get_StringDesc
 .text.USBH_GetDescriptor
                0x0800890e       0x6a ./Middlewares/ST/STM32_USB_Host_Library/Core/Src/usbh_ctlreq.o
                0x0800890e                USBH_GetDescriptor
 .text.USBH_SetAddress
                0x08008978       0x48 ./Middlewares/ST/STM32_USB_Host_Library/Core/Src/usbh_ctlreq.o
                0x08008978                USBH_SetAddress
 .text.USBH_SetCfg
                0x080089c0       0x46 ./Middlewares/ST/STM32_USB_Host_Library/Core/Src/usbh_ctlreq.o
                0x080089c0                USBH_SetCfg
 .text.USBH_SetFeature
                0x08008a06       0x48 ./Middlewares/ST/STM32_USB_Host_Library/Core/Src/usbh_ctlreq.o
                0x08008a06                USBH_SetFeature
 .text.USBH_ClrFeature
                0x08008a4e       0x48 ./Middlewares/ST/STM32_USB_Host_Library/Core/Src/usbh_ctlreq.o
                0x08008a4e                USBH_ClrFeature
 *fill*         0x08008a96        0x2 
 .text.USBH_ParseDevDesc
                0x08008a98      0x11c ./Middlewares/ST/STM32_USB_Host_Library/Core/Src/usbh_ctlreq.o
 .text.USBH_ParseCfgDesc
                0x08008bb4      0x1ea ./Middlewares/ST/STM32_USB_Host_Library/Core/Src/usbh_ctlreq.o
 .text.USBH_ParseInterfaceDesc
                0x08008d9e       0x5e ./Middlewares/ST/STM32_USB_Host_Library/Core/Src/usbh_ctlreq.o
 .text.USBH_ParseEPDesc
                0x08008dfc      0x144 ./Middlewares/ST/STM32_USB_Host_Library/Core/Src/usbh_ctlreq.o
 .text.USBH_ParseStringDesc
                0x08008f40       0x66 ./Middlewares/ST/STM32_USB_Host_Library/Core/Src/usbh_ctlreq.o
 .text.USBH_GetNextDesc
                0x08008fa6       0x34 ./Middlewares/ST/STM32_USB_Host_Library/Core/Src/usbh_ctlreq.o
                0x08008fa6                USBH_GetNextDesc
 .text.USBH_CtlReq
                0x08008fda       0xb2 ./Middlewares/ST/STM32_USB_Host_Library/Core/Src/usbh_ctlreq.o
                0x08008fda                USBH_CtlReq
 .text.USBH_HandleControl
                0x0800908c      0x490 ./Middlewares/ST/STM32_USB_Host_Library/Core/Src/usbh_ctlreq.o
 .text.USBH_CtlSendSetup
                0x0800951c       0x34 ./Middlewares/ST/STM32_USB_Host_Library/Core/Src/usbh_ioreq.o
                0x0800951c                USBH_CtlSendSetup
 .text.USBH_CtlSendData
                0x08009550       0x4a ./Middlewares/ST/STM32_USB_Host_Library/Core/Src/usbh_ioreq.o
                0x08009550                USBH_CtlSendData
 .text.USBH_CtlReceiveData
                0x0800959a       0x3c ./Middlewares/ST/STM32_USB_Host_Library/Core/Src/usbh_ioreq.o
                0x0800959a                USBH_CtlReceiveData
 .text.USBH_BulkSendData
                0x080095d6       0x4a ./Middlewares/ST/STM32_USB_Host_Library/Core/Src/usbh_ioreq.o
                0x080095d6                USBH_BulkSendData
 .text.USBH_BulkReceiveData
                0x08009620       0x3c ./Middlewares/ST/STM32_USB_Host_Library/Core/Src/usbh_ioreq.o
                0x08009620                USBH_BulkReceiveData
 .text.USBH_OpenPipe
                0x0800965c       0x3e ./Middlewares/ST/STM32_USB_Host_Library/Core/Src/usbh_pipes.o
                0x0800965c                USBH_OpenPipe
 .text.USBH_ClosePipe
                0x0800969a       0x20 ./Middlewares/ST/STM32_USB_Host_Library/Core/Src/usbh_pipes.o
                0x0800969a                USBH_ClosePipe
 .text.USBH_AllocPipe
                0x080096ba       0x42 ./Middlewares/ST/STM32_USB_Host_Library/Core/Src/usbh_pipes.o
                0x080096ba                USBH_AllocPipe
 .text.USBH_FreePipe
                0x080096fc       0x3c ./Middlewares/ST/STM32_USB_Host_Library/Core/Src/usbh_pipes.o
                0x080096fc                USBH_FreePipe
 .text.USBH_GetFreePipe
                0x08009738       0x48 ./Middlewares/ST/STM32_USB_Host_Library/Core/Src/usbh_pipes.o
 .text.__NVIC_SetPriority
                0x08009780       0x54 ./Middlewares/Third_Party/FreeRTOS/Source/CMSIS_RTOS_V2/cmsis_os2.o
 .text.SysTick_Handler
                0x080097d4       0x20 ./Middlewares/Third_Party/FreeRTOS/Source/CMSIS_RTOS_V2/cmsis_os2.o
                0x080097d4                SysTick_Handler
 .text.SVC_Setup
                0x080097f4       0x12 ./Middlewares/Third_Party/FreeRTOS/Source/CMSIS_RTOS_V2/cmsis_os2.o
 *fill*         0x08009806        0x2 
 .text.osKernelInitialize
                0x08009808       0x48 ./Middlewares/Third_Party/FreeRTOS/Source/CMSIS_RTOS_V2/cmsis_os2.o
                0x08009808                osKernelInitialize
 .text.osKernelStart
                0x08009850       0x4c ./Middlewares/Third_Party/FreeRTOS/Source/CMSIS_RTOS_V2/cmsis_os2.o
                0x08009850                osKernelStart
 .text.osThreadNew
                0x0800989c      0x124 ./Middlewares/Third_Party/FreeRTOS/Source/CMSIS_RTOS_V2/cmsis_os2.o
                0x0800989c                osThreadNew
 .text.osDelay  0x080099c0       0x36 ./Middlewares/Third_Party/FreeRTOS/Source/CMSIS_RTOS_V2/cmsis_os2.o
                0x080099c0                osDelay
 .text.osMessageQueueNew
                0x080099f6       0xe6 ./Middlewares/Third_Party/FreeRTOS/Source/CMSIS_RTOS_V2/cmsis_os2.o
                0x080099f6                osMessageQueueNew
 .text.osMessageQueuePut
                0x08009adc       0xc0 ./Middlewares/Third_Party/FreeRTOS/Source/CMSIS_RTOS_V2/cmsis_os2.o
                0x08009adc                osMessageQueuePut
 .text.osMessageQueueGet
                0x08009b9c       0xbc ./Middlewares/Third_Party/FreeRTOS/Source/CMSIS_RTOS_V2/cmsis_os2.o
                0x08009b9c                osMessageQueueGet
 .text.vApplicationGetIdleTaskMemory
                0x08009c58       0x34 ./Middlewares/Third_Party/FreeRTOS/Source/CMSIS_RTOS_V2/cmsis_os2.o
                0x08009c58                vApplicationGetIdleTaskMemory
 .text.vApplicationGetTimerTaskMemory
                0x08009c8c       0x34 ./Middlewares/Third_Party/FreeRTOS/Source/CMSIS_RTOS_V2/cmsis_os2.o
                0x08009c8c                vApplicationGetTimerTaskMemory
 .text.vListInitialise
                0x08009cc0       0x40 ./Middlewares/Third_Party/FreeRTOS/Source/list.o
                0x08009cc0                vListInitialise
 .text.vListInitialiseItem
                0x08009d00       0x1a ./Middlewares/Third_Party/FreeRTOS/Source/list.o
                0x08009d00                vListInitialiseItem
 .text.vListInsertEnd
                0x08009d1a       0x48 ./Middlewares/Third_Party/FreeRTOS/Source/list.o
                0x08009d1a                vListInsertEnd
 .text.vListInsert
                0x08009d62       0x72 ./Middlewares/Third_Party/FreeRTOS/Source/list.o
                0x08009d62                vListInsert
 .text.uxListRemove
                0x08009dd4       0x54 ./Middlewares/Third_Party/FreeRTOS/Source/list.o
                0x08009dd4                uxListRemove
 .text.xQueueGenericReset
                0x08009e28       0xd4 ./Middlewares/Third_Party/FreeRTOS/Source/queue.o
                0x08009e28                xQueueGenericReset
 .text.xQueueGenericCreateStatic
                0x08009efc       0xfa ./Middlewares/Third_Party/FreeRTOS/Source/queue.o
                0x08009efc                xQueueGenericCreateStatic
 .text.xQueueGenericCreate
                0x08009ff6       0x76 ./Middlewares/Third_Party/FreeRTOS/Source/queue.o
                0x08009ff6                xQueueGenericCreate
 .text.prvInitialiseNewQueue
                0x0800a06c       0x46 ./Middlewares/Third_Party/FreeRTOS/Source/queue.o
 *fill*         0x0800a0b2        0x2 
 .text.xQueueGenericSend
                0x0800a0b4      0x204 ./Middlewares/Third_Party/FreeRTOS/Source/queue.o
                0x0800a0b4                xQueueGenericSend
 .text.xQueueGenericSendFromISR
                0x0800a2b8      0x13c ./Middlewares/Third_Party/FreeRTOS/Source/queue.o
                0x0800a2b8                xQueueGenericSendFromISR
 .text.xQueueReceive
                0x0800a3f4      0x1c4 ./Middlewares/Third_Party/FreeRTOS/Source/queue.o
                0x0800a3f4                xQueueReceive
 .text.xQueueReceiveFromISR
                0x0800a5b8      0x104 ./Middlewares/Third_Party/FreeRTOS/Source/queue.o
                0x0800a5b8                xQueueReceiveFromISR
 .text.prvCopyDataToQueue
                0x0800a6bc       0xd4 ./Middlewares/Third_Party/FreeRTOS/Source/queue.o
 .text.prvCopyDataFromQueue
                0x0800a790       0x4c ./Middlewares/Third_Party/FreeRTOS/Source/queue.o
 .text.prvUnlockQueue
                0x0800a7dc       0xa4 ./Middlewares/Third_Party/FreeRTOS/Source/queue.o
 .text.prvIsQueueEmpty
                0x0800a880       0x2c ./Middlewares/Third_Party/FreeRTOS/Source/queue.o
 .text.prvIsQueueFull
                0x0800a8ac       0x30 ./Middlewares/Third_Party/FreeRTOS/Source/queue.o
 .text.vQueueAddToRegistry
                0x0800a8dc       0x54 ./Middlewares/Third_Party/FreeRTOS/Source/queue.o
                0x0800a8dc                vQueueAddToRegistry
 .text.vQueueWaitForMessageRestricted
                0x0800a930       0x68 ./Middlewares/Third_Party/FreeRTOS/Source/queue.o
                0x0800a930                vQueueWaitForMessageRestricted
 .text.xTaskCreateStatic
                0x0800a998       0xc0 ./Middlewares/Third_Party/FreeRTOS/Source/tasks.o
                0x0800a998                xTaskCreateStatic
 .text.xTaskCreate
                0x0800aa58       0x8a ./Middlewares/Third_Party/FreeRTOS/Source/tasks.o
                0x0800aa58                xTaskCreate
 *fill*         0x0800aae2        0x2 
 .text.prvInitialiseNewTask
                0x0800aae4      0x150 ./Middlewares/Third_Party/FreeRTOS/Source/tasks.o
 .text.prvAddNewTaskToReadyList
                0x0800ac34       0xe0 ./Middlewares/Third_Party/FreeRTOS/Source/tasks.o
 .text.vTaskDelay
                0x0800ad14       0x6c ./Middlewares/Third_Party/FreeRTOS/Source/tasks.o
                0x0800ad14                vTaskDelay
 .text.vTaskStartScheduler
                0x0800ad80       0xe0 ./Middlewares/Third_Party/FreeRTOS/Source/tasks.o
                0x0800ad80                vTaskStartScheduler
 .text.vTaskSuspendAll
                0x0800ae60       0x1c ./Middlewares/Third_Party/FreeRTOS/Source/tasks.o
                0x0800ae60                vTaskSuspendAll
 .text.xTaskResumeAll
                0x0800ae7c      0x13c ./Middlewares/Third_Party/FreeRTOS/Source/tasks.o
                0x0800ae7c                xTaskResumeAll
 .text.xTaskGetTickCount
                0x0800afb8       0x20 ./Middlewares/Third_Party/FreeRTOS/Source/tasks.o
                0x0800afb8                xTaskGetTickCount
 .text.xTaskIncrementTick
                0x0800afd8      0x174 ./Middlewares/Third_Party/FreeRTOS/Source/tasks.o
                0x0800afd8                xTaskIncrementTick
 .text.vTaskSwitchContext
                0x0800b14c       0xcc ./Middlewares/Third_Party/FreeRTOS/Source/tasks.o
                0x0800b14c                vTaskSwitchContext
 .text.vTaskPlaceOnEventList
                0x0800b218       0x4c ./Middlewares/Third_Party/FreeRTOS/Source/tasks.o
                0x0800b218                vTaskPlaceOnEventList
 .text.vTaskPlaceOnEventListRestricted
                0x0800b264       0x58 ./Middlewares/Third_Party/FreeRTOS/Source/tasks.o
                0x0800b264                vTaskPlaceOnEventListRestricted
 .text.xTaskRemoveFromEventList
                0x0800b2bc       0xc8 ./Middlewares/Third_Party/FreeRTOS/Source/tasks.o
                0x0800b2bc                xTaskRemoveFromEventList
 .text.vTaskInternalSetTimeOutState
                0x0800b384       0x2c ./Middlewares/Third_Party/FreeRTOS/Source/tasks.o
                0x0800b384                vTaskInternalSetTimeOutState
 .text.xTaskCheckForTimeOut
                0x0800b3b0       0xc8 ./Middlewares/Third_Party/FreeRTOS/Source/tasks.o
                0x0800b3b0                xTaskCheckForTimeOut
 .text.vTaskMissedYield
                0x0800b478       0x18 ./Middlewares/Third_Party/FreeRTOS/Source/tasks.o
                0x0800b478                vTaskMissedYield
 .text.prvIdleTask
                0x0800b490       0x30 ./Middlewares/Third_Party/FreeRTOS/Source/tasks.o
 .text.prvInitialiseTaskLists
                0x0800b4c0       0x80 ./Middlewares/Third_Party/FreeRTOS/Source/tasks.o
 .text.prvCheckTasksWaitingTermination
                0x0800b540       0x5c ./Middlewares/Third_Party/FreeRTOS/Source/tasks.o
 .text.prvDeleteTCB
                0x0800b59c       0x6a ./Middlewares/Third_Party/FreeRTOS/Source/tasks.o
 *fill*         0x0800b606        0x2 
 .text.prvResetNextTaskUnblockTime
                0x0800b608       0x40 ./Middlewares/Third_Party/FreeRTOS/Source/tasks.o
 .text.xTaskGetSchedulerState
                0x0800b648       0x3c ./Middlewares/Third_Party/FreeRTOS/Source/tasks.o
                0x0800b648                xTaskGetSchedulerState
 .text.xTaskPriorityDisinherit
                0x0800b684       0xe0 ./Middlewares/Third_Party/FreeRTOS/Source/tasks.o
                0x0800b684                xTaskPriorityDisinherit
 .text.prvAddCurrentTaskToDelayedList
                0x0800b764       0xa8 ./Middlewares/Third_Party/FreeRTOS/Source/tasks.o
 .text.xTimerCreateTimerTask
                0x0800b80c       0x94 ./Middlewares/Third_Party/FreeRTOS/Source/timers.o
                0x0800b80c                xTimerCreateTimerTask
 .text.xTimerGenericCommand
                0x0800b8a0       0x9c ./Middlewares/Third_Party/FreeRTOS/Source/timers.o
                0x0800b8a0                xTimerGenericCommand
 .text.prvProcessExpiredTimer
                0x0800b93c       0x9c ./Middlewares/Third_Party/FreeRTOS/Source/timers.o
 .text.prvTimerTask
                0x0800b9d8       0x26 ./Middlewares/Third_Party/FreeRTOS/Source/timers.o
 *fill*         0x0800b9fe        0x2 
 .text.prvProcessTimerOrBlockTask
                0x0800ba00       0x9c ./Middlewares/Third_Party/FreeRTOS/Source/timers.o
 .text.prvGetNextExpireTime
                0x0800ba9c       0x48 ./Middlewares/Third_Party/FreeRTOS/Source/timers.o
 .text.prvSampleTimeNow
                0x0800bae4       0x40 ./Middlewares/Third_Party/FreeRTOS/Source/timers.o
 .text.prvInsertTimerInActiveList
                0x0800bb24       0x84 ./Middlewares/Third_Party/FreeRTOS/Source/timers.o
 .text.prvProcessReceivedCommands
                0x0800bba8      0x1cc ./Middlewares/Third_Party/FreeRTOS/Source/timers.o
 .text.prvSwitchTimerLists
                0x0800bd74       0xcc ./Middlewares/Third_Party/FreeRTOS/Source/timers.o
 .text.prvCheckForValidListAndQueue
                0x0800be40       0x80 ./Middlewares/Third_Party/FreeRTOS/Source/timers.o
 .text.pxPortInitialiseStack
                0x0800bec0       0x68 ./Middlewares/Third_Party/FreeRTOS/Source/portable/GCC/ARM_CM4F/port.o
                0x0800bec0                pxPortInitialiseStack
 .text.prvTaskExitError
                0x0800bf28       0x5c ./Middlewares/Third_Party/FreeRTOS/Source/portable/GCC/ARM_CM4F/port.o
 *fill*         0x0800bf84        0xc 
 .text.SVC_Handler
                0x0800bf90       0x28 ./Middlewares/Third_Party/FreeRTOS/Source/portable/GCC/ARM_CM4F/port.o
                0x0800bf90                SVC_Handler
 .text.prvPortStartFirstTask
                0x0800bfb8       0x28 ./Middlewares/Third_Party/FreeRTOS/Source/portable/GCC/ARM_CM4F/port.o
 .text.xPortStartScheduler
                0x0800bfe0      0x148 ./Middlewares/Third_Party/FreeRTOS/Source/portable/GCC/ARM_CM4F/port.o
                0x0800bfe0                xPortStartScheduler
 .text.vPortEnterCritical
                0x0800c128       0x64 ./Middlewares/Third_Party/FreeRTOS/Source/portable/GCC/ARM_CM4F/port.o
                0x0800c128                vPortEnterCritical
 .text.vPortExitCritical
                0x0800c18c       0x54 ./Middlewares/Third_Party/FreeRTOS/Source/portable/GCC/ARM_CM4F/port.o
                0x0800c18c                vPortExitCritical
 .text.PendSV_Handler
                0x0800c1e0       0x68 ./Middlewares/Third_Party/FreeRTOS/Source/portable/GCC/ARM_CM4F/port.o
                0x0800c1e0                PendSV_Handler
 .text.xPortSysTickHandler
                0x0800c248       0x44 ./Middlewares/Third_Party/FreeRTOS/Source/portable/GCC/ARM_CM4F/port.o
                0x0800c248                xPortSysTickHandler
 .text.vPortSetupTimerInterrupt
                0x0800c28c       0x48 ./Middlewares/Third_Party/FreeRTOS/Source/portable/GCC/ARM_CM4F/port.o
                0x0800c28c                vPortSetupTimerInterrupt
 .text.vPortEnableVFP
                0x0800c2d4       0x14 ./Middlewares/Third_Party/FreeRTOS/Source/portable/GCC/ARM_CM4F/port.o
 .text.vPortValidateInterruptPriority
                0x0800c2e8       0x84 ./Middlewares/Third_Party/FreeRTOS/Source/portable/GCC/ARM_CM4F/port.o
                0x0800c2e8                vPortValidateInterruptPriority
 .text.pvPortMalloc
                0x0800c36c      0x19c ./Middlewares/Third_Party/FreeRTOS/Source/portable/MemMang/heap_4.o
                0x0800c36c                pvPortMalloc
 .text.vPortFree
                0x0800c508       0xc8 ./Middlewares/Third_Party/FreeRTOS/Source/portable/MemMang/heap_4.o
                0x0800c508                vPortFree
 .text.prvHeapInit
                0x0800c5d0       0xc4 ./Middlewares/Third_Party/FreeRTOS/Source/portable/MemMang/heap_4.o
 .text.prvInsertBlockIntoFreeList
                0x0800c694       0xb4 ./Middlewares/Third_Party/FreeRTOS/Source/portable/MemMang/heap_4.o
 .text.MX_USB_HOST_Init
                0x0800c748       0x4c ./USB_HOST/App/usb_host.o
                0x0800c748                MX_USB_HOST_Init
 .text.USBH_UserProcess
                0x0800c794       0x5c ./USB_HOST/App/usb_host.o
 .text.HAL_HCD_MspInit
                0x0800c7f0       0xc4 ./USB_HOST/Target/usbh_conf.o
                0x0800c7f0                HAL_HCD_MspInit
 .text.HAL_HCD_SOF_Callback
                0x0800c8b4       0x1c ./USB_HOST/Target/usbh_conf.o
                0x0800c8b4                HAL_HCD_SOF_Callback
 .text.HAL_HCD_Connect_Callback
                0x0800c8d0       0x1c ./USB_HOST/Target/usbh_conf.o
                0x0800c8d0                HAL_HCD_Connect_Callback
 .text.HAL_HCD_Disconnect_Callback
                0x0800c8ec       0x1c ./USB_HOST/Target/usbh_conf.o
                0x0800c8ec                HAL_HCD_Disconnect_Callback
 .text.HAL_HCD_HC_NotifyURBChange_Callback
                0x0800c908       0x24 ./USB_HOST/Target/usbh_conf.o
                0x0800c908                HAL_HCD_HC_NotifyURBChange_Callback
 .text.HAL_HCD_PortEnabled_Callback
                0x0800c92c       0x1c ./USB_HOST/Target/usbh_conf.o
                0x0800c92c                HAL_HCD_PortEnabled_Callback
 .text.HAL_HCD_PortDisabled_Callback
                0x0800c948       0x1c ./USB_HOST/Target/usbh_conf.o
                0x0800c948                HAL_HCD_PortDisabled_Callback
 .text.USBH_LL_Init
                0x0800c964       0x78 ./USB_HOST/Target/usbh_conf.o
                0x0800c964                USBH_LL_Init
 .text.USBH_LL_Start
                0x0800c9dc       0x36 ./USB_HOST/Target/usbh_conf.o
                0x0800c9dc                USBH_LL_Start
 .text.USBH_LL_Stop
                0x0800ca12       0x36 ./USB_HOST/Target/usbh_conf.o
                0x0800ca12                USBH_LL_Stop
 .text.USBH_LL_GetSpeed
                0x0800ca48       0x4e ./USB_HOST/Target/usbh_conf.o
                0x0800ca48                USBH_LL_GetSpeed
 .text.USBH_LL_ResetPort
                0x0800ca96       0x36 ./USB_HOST/Target/usbh_conf.o
                0x0800ca96                USBH_LL_ResetPort
 .text.USBH_LL_GetLastXferSize
                0x0800cacc       0x26 ./USB_HOST/Target/usbh_conf.o
                0x0800cacc                USBH_LL_GetLastXferSize
 .text.USBH_LL_OpenPipe
                0x0800caf2       0x5e ./USB_HOST/Target/usbh_conf.o
                0x0800caf2                USBH_LL_OpenPipe
 .text.USBH_LL_ClosePipe
                0x0800cb50       0x3e ./USB_HOST/Target/usbh_conf.o
                0x0800cb50                USBH_LL_ClosePipe
 .text.USBH_LL_SubmitURB
                0x0800cb8e       0x62 ./USB_HOST/Target/usbh_conf.o
                0x0800cb8e                USBH_LL_SubmitURB
 .text.USBH_LL_GetURBState
                0x0800cbf0       0x26 ./USB_HOST/Target/usbh_conf.o
                0x0800cbf0                USBH_LL_GetURBState
 .text.USBH_LL_DriverVBUS
                0x0800cc16       0x2e ./USB_HOST/Target/usbh_conf.o
                0x0800cc16                USBH_LL_DriverVBUS
 .text.USBH_LL_SetToggle
                0x0800cc44       0x60 ./USB_HOST/Target/usbh_conf.o
                0x0800cc44                USBH_LL_SetToggle
 .text.USBH_Delay
                0x0800cca4       0x16 ./USB_HOST/Target/usbh_conf.o
                0x0800cca4                USBH_Delay
 *fill*         0x0800ccba        0x2 
 .text.USBH_Get_USB_Status
                0x0800ccbc       0x58 ./USB_HOST/Target/usbh_conf.o
                0x0800ccbc                USBH_Get_USB_Status
 .text.MX_DriverVbusFS
                0x0800cd14       0x38 ./USB_HOST/Target/usbh_platform.o
                0x0800cd14                MX_DriverVbusFS
 .text.malloc   0x0800cd4c       0x10 C:/ST/STM32CubeIDE_1.16.1/STM32CubeIDE/plugins/com.st.stm32cube.ide.mcu.externaltools.gnu-tools-for-stm32.12.3.rel1.win32_1.0.200.202406191623/tools/bin/../lib/gcc/arm-none-eabi/12.3.1/../../../../arm-none-eabi/lib/thumb/v7e-m+fp/hard\libc_nano.a(libc_a-malloc.o)
                0x0800cd4c                malloc
 .text.free     0x0800cd5c       0x10 C:/ST/STM32CubeIDE_1.16.1/STM32CubeIDE/plugins/com.st.stm32cube.ide.mcu.externaltools.gnu-tools-for-stm32.12.3.rel1.win32_1.0.200.202406191623/tools/bin/../lib/gcc/arm-none-eabi/12.3.1/../../../../arm-none-eabi/lib/thumb/v7e-m+fp/hard\libc_nano.a(libc_a-malloc.o)
                0x0800cd5c                free
 .text.sbrk_aligned
                0x0800cd6c       0x44 C:/ST/STM32CubeIDE_1.16.1/STM32CubeIDE/plugins/com.st.stm32cube.ide.mcu.externaltools.gnu-tools-for-stm32.12.3.rel1.win32_1.0.200.202406191623/tools/bin/../lib/gcc/arm-none-eabi/12.3.1/../../../../arm-none-eabi/lib/thumb/v7e-m+fp/hard\libc_nano.a(libc_a-mallocr.o)
 .text._malloc_r
                0x0800cdb0      0x100 C:/ST/STM32CubeIDE_1.16.1/STM32CubeIDE/plugins/com.st.stm32cube.ide.mcu.externaltools.gnu-tools-for-stm32.12.3.rel1.win32_1.0.200.202406191623/tools/bin/../lib/gcc/arm-none-eabi/12.3.1/../../../../arm-none-eabi/lib/thumb/v7e-m+fp/hard\libc_nano.a(libc_a-mallocr.o)
                0x0800cdb0                _malloc_r
 .text.__malloc_lock
                0x0800ceb0        0xc C:/ST/STM32CubeIDE_1.16.1/STM32CubeIDE/plugins/com.st.stm32cube.ide.mcu.externaltools.gnu-tools-for-stm32.12.3.rel1.win32_1.0.200.202406191623/tools/bin/../lib/gcc/arm-none-eabi/12.3.1/../../../../arm-none-eabi/lib/thumb/v7e-m+fp/hard\libc_nano.a(libc_a-mlock.o)
                0x0800ceb0                __malloc_lock
 .text.__malloc_unlock
                0x0800cebc        0xc C:/ST/STM32CubeIDE_1.16.1/STM32CubeIDE/plugins/com.st.stm32cube.ide.mcu.externaltools.gnu-tools-for-stm32.12.3.rel1.win32_1.0.200.202406191623/tools/bin/../lib/gcc/arm-none-eabi/12.3.1/../../../../arm-none-eabi/lib/thumb/v7e-m+fp/hard\libc_nano.a(libc_a-mlock.o)
                0x0800cebc                __malloc_unlock
 .text.snprintf
                0x0800cec8       0x68 C:/ST/STM32CubeIDE_1.16.1/STM32CubeIDE/plugins/com.st.stm32cube.ide.mcu.externaltools.gnu-tools-for-stm32.12.3.rel1.win32_1.0.200.202406191623/tools/bin/../lib/gcc/arm-none-eabi/12.3.1/../../../../arm-none-eabi/lib/thumb/v7e-m+fp/hard\libc_nano.a(libc_a-snprintf.o)
                0x0800cec8                sniprintf
                0x0800cec8                snprintf
 .text._vsnprintf_r
                0x0800cf30       0x56 C:/ST/STM32CubeIDE_1.16.1/STM32CubeIDE/plugins/com.st.stm32cube.ide.mcu.externaltools.gnu-tools-for-stm32.12.3.rel1.win32_1.0.200.202406191623/tools/bin/../lib/gcc/arm-none-eabi/12.3.1/../../../../arm-none-eabi/lib/thumb/v7e-m+fp/hard\libc_nano.a(libc_a-vsnprintf.o)
                0x0800cf30                _vsniprintf_r
                0x0800cf30                _vsnprintf_r
 *fill*         0x0800cf86        0x2 
 .text.vsnprintf
                0x0800cf88       0x1c C:/ST/STM32CubeIDE_1.16.1/STM32CubeIDE/plugins/com.st.stm32cube.ide.mcu.externaltools.gnu-tools-for-stm32.12.3.rel1.win32_1.0.200.202406191623/tools/bin/../lib/gcc/arm-none-eabi/12.3.1/../../../../arm-none-eabi/lib/thumb/v7e-m+fp/hard\libc_nano.a(libc_a-vsnprintf.o)
                0x0800cf88                vsniprintf
                0x0800cf88                vsnprintf
 .text.memset   0x0800cfa4       0x10 C:/ST/STM32CubeIDE_1.16.1/STM32CubeIDE/plugins/com.st.stm32cube.ide.mcu.externaltools.gnu-tools-for-stm32.12.3.rel1.win32_1.0.200.202406191623/tools/bin/../lib/gcc/arm-none-eabi/12.3.1/../../../../arm-none-eabi/lib/thumb/v7e-m+fp/hard\libc_nano.a(libc_a-memset.o)
                0x0800cfa4                memset
 .text._reclaim_reent
                0x0800cfb4       0xac C:/ST/STM32CubeIDE_1.16.1/STM32CubeIDE/plugins/com.st.stm32cube.ide.mcu.externaltools.gnu-tools-for-stm32.12.3.rel1.win32_1.0.200.202406191623/tools/bin/../lib/gcc/arm-none-eabi/12.3.1/../../../../arm-none-eabi/lib/thumb/v7e-m+fp/hard\libc_nano.a(libc_a-reent.o)
                0x0800cfb4                _reclaim_reent
 .text._sbrk_r  0x0800d060       0x20 C:/ST/STM32CubeIDE_1.16.1/STM32CubeIDE/plugins/com.st.stm32cube.ide.mcu.externaltools.gnu-tools-for-stm32.12.3.rel1.win32_1.0.200.202406191623/tools/bin/../lib/gcc/arm-none-eabi/12.3.1/../../../../arm-none-eabi/lib/thumb/v7e-m+fp/hard\libc_nano.a(libc_a-sbrkr.o)
                0x0800d060                _sbrk_r
 .text.__errno  0x0800d080        0xc C:/ST/STM32CubeIDE_1.16.1/STM32CubeIDE/plugins/com.st.stm32cube.ide.mcu.externaltools.gnu-tools-for-stm32.12.3.rel1.win32_1.0.200.202406191623/tools/bin/../lib/gcc/arm-none-eabi/12.3.1/../../../../arm-none-eabi/lib/thumb/v7e-m+fp/hard\libc_nano.a(libc_a-errno.o)
                0x0800d080                __errno
 .text.__libc_init_array
                0x0800d08c       0x48 C:/ST/STM32CubeIDE_1.16.1/STM32CubeIDE/plugins/com.st.stm32cube.ide.mcu.externaltools.gnu-tools-for-stm32.12.3.rel1.win32_1.0.200.202406191623/tools/bin/../lib/gcc/arm-none-eabi/12.3.1/../../../../arm-none-eabi/lib/thumb/v7e-m+fp/hard\libc_nano.a(libc_a-init.o)
                0x0800d08c                __libc_init_array
 .text.__retarget_lock_acquire_recursive
                0x0800d0d4        0x2 C:/ST/STM32CubeIDE_1.16.1/STM32CubeIDE/plugins/com.st.stm32cube.ide.mcu.externaltools.gnu-tools-for-stm32.12.3.rel1.win32_1.0.200.202406191623/tools/bin/../lib/gcc/arm-none-eabi/12.3.1/../../../../arm-none-eabi/lib/thumb/v7e-m+fp/hard\libc_nano.a(libc_a-lock.o)
                0x0800d0d4                __retarget_lock_acquire_recursive
 .text.__retarget_lock_release_recursive
                0x0800d0d6        0x2 C:/ST/STM32CubeIDE_1.16.1/STM32CubeIDE/plugins/com.st.stm32cube.ide.mcu.externaltools.gnu-tools-for-stm32.12.3.rel1.win32_1.0.200.202406191623/tools/bin/../lib/gcc/arm-none-eabi/12.3.1/../../../../arm-none-eabi/lib/thumb/v7e-m+fp/hard\libc_nano.a(libc_a-lock.o)
                0x0800d0d6                __retarget_lock_release_recursive
 .text.memcpy   0x0800d0d8       0x1c C:/ST/STM32CubeIDE_1.16.1/STM32CubeIDE/plugins/com.st.stm32cube.ide.mcu.externaltools.gnu-tools-for-stm32.12.3.rel1.win32_1.0.200.202406191623/tools/bin/../lib/gcc/arm-none-eabi/12.3.1/../../../../arm-none-eabi/lib/thumb/v7e-m+fp/hard\libc_nano.a(libc_a-memcpy-stub.o)
                0x0800d0d8                memcpy
 .text._free_r  0x0800d0f4       0x94 C:/ST/STM32CubeIDE_1.16.1/STM32CubeIDE/plugins/com.st.stm32cube.ide.mcu.externaltools.gnu-tools-for-stm32.12.3.rel1.win32_1.0.200.202406191623/tools/bin/../lib/gcc/arm-none-eabi/12.3.1/../../../../arm-none-eabi/lib/thumb/v7e-m+fp/hard\libc_nano.a(libc_a-freer.o)
                0x0800d0f4                _free_r
 .text.__ssputs_r
                0x0800d188       0xb6 C:/ST/STM32CubeIDE_1.16.1/STM32CubeIDE/plugins/com.st.stm32cube.ide.mcu.externaltools.gnu-tools-for-stm32.12.3.rel1.win32_1.0.200.202406191623/tools/bin/../lib/gcc/arm-none-eabi/12.3.1/../../../../arm-none-eabi/lib/thumb/v7e-m+fp/hard\libc_nano.a(libc_a-nano-svfprintf.o)
                0x0800d188                __ssputs_r
 *fill*         0x0800d23e        0x2 
 .text._svfprintf_r
                0x0800d240      0x1f8 C:/ST/STM32CubeIDE_1.16.1/STM32CubeIDE/plugins/com.st.stm32cube.ide.mcu.externaltools.gnu-tools-for-stm32.12.3.rel1.win32_1.0.200.202406191623/tools/bin/../lib/gcc/arm-none-eabi/12.3.1/../../../../arm-none-eabi/lib/thumb/v7e-m+fp/hard\libc_nano.a(libc_a-nano-svfprintf.o)
                0x0800d240                _svfiprintf_r
                0x0800d240                _svfprintf_r
 .text._printf_common
                0x0800d438       0xda C:/ST/STM32CubeIDE_1.16.1/STM32CubeIDE/plugins/com.st.stm32cube.ide.mcu.externaltools.gnu-tools-for-stm32.12.3.rel1.win32_1.0.200.202406191623/tools/bin/../lib/gcc/arm-none-eabi/12.3.1/../../../../arm-none-eabi/lib/thumb/v7e-m+fp/hard\libc_nano.a(libc_a-nano-vfprintf_i.o)
                0x0800d438                _printf_common
 *fill*         0x0800d512        0x2 
 .text._printf_i
                0x0800d514      0x240 C:/ST/STM32CubeIDE_1.16.1/STM32CubeIDE/plugins/com.st.stm32cube.ide.mcu.externaltools.gnu-tools-for-stm32.12.3.rel1.win32_1.0.200.202406191623/tools/bin/../lib/gcc/arm-none-eabi/12.3.1/../../../../arm-none-eabi/lib/thumb/v7e-m+fp/hard\libc_nano.a(libc_a-nano-vfprintf_i.o)
                0x0800d514                _printf_i
 .text.memmove  0x0800d754       0x34 C:/ST/STM32CubeIDE_1.16.1/STM32CubeIDE/plugins/com.st.stm32cube.ide.mcu.externaltools.gnu-tools-for-stm32.12.3.rel1.win32_1.0.200.202406191623/tools/bin/../lib/gcc/arm-none-eabi/12.3.1/../../../../arm-none-eabi/lib/thumb/v7e-m+fp/hard\libc_nano.a(libc_a-memmove.o)
                0x0800d754                memmove
 .text._realloc_r
                0x0800d788       0x5c C:/ST/STM32CubeIDE_1.16.1/STM32CubeIDE/plugins/com.st.stm32cube.ide.mcu.externaltools.gnu-tools-for-stm32.12.3.rel1.win32_1.0.200.202406191623/tools/bin/../lib/gcc/arm-none-eabi/12.3.1/../../../../arm-none-eabi/lib/thumb/v7e-m+fp/hard\libc_nano.a(libc_a-reallocr.o)
                0x0800d788                _realloc_r
 .text._malloc_usable_size_r
                0x0800d7e4       0x10 C:/ST/STM32CubeIDE_1.16.1/STM32CubeIDE/plugins/com.st.stm32cube.ide.mcu.externaltools.gnu-tools-for-stm32.12.3.rel1.win32_1.0.200.202406191623/tools/bin/../lib/gcc/arm-none-eabi/12.3.1/../../../../arm-none-eabi/lib/thumb/v7e-m+fp/hard\libc_nano.a(libc_a-msizer.o)
                0x0800d7e4                _malloc_usable_size_r
 *(.glue_7)
 .glue_7        0x0800d7f4        0x0 linker stubs
 *(.glue_7t)
 .glue_7t       0x0800d7f4        0x0 linker stubs
 *(.eh_frame)
 .eh_frame      0x0800d7f4        0x0 C:/ST/STM32CubeIDE_1.16.1/STM32CubeIDE/plugins/com.st.stm32cube.ide.mcu.externaltools.gnu-tools-for-stm32.12.3.rel1.win32_1.0.200.202406191623/tools/bin/../lib/gcc/arm-none-eabi/12.3.1/thumb/v7e-m+fp/hard/crtbegin.o
 *(.init)
 .init          0x0800d7f4        0x4 C:/ST/STM32CubeIDE_1.16.1/STM32CubeIDE/plugins/com.st.stm32cube.ide.mcu.externaltools.gnu-tools-for-stm32.12.3.rel1.win32_1.0.200.202406191623/tools/bin/../lib/gcc/arm-none-eabi/12.3.1/thumb/v7e-m+fp/hard/crti.o
                0x0800d7f4                _init
 .init          0x0800d7f8        0x8 C:/ST/STM32CubeIDE_1.16.1/STM32CubeIDE/plugins/com.st.stm32cube.ide.mcu.externaltools.gnu-tools-for-stm32.12.3.rel1.win32_1.0.200.202406191623/tools/bin/../lib/gcc/arm-none-eabi/12.3.1/thumb/v7e-m+fp/hard/crtn.o
 *(.fini)
 .fini          0x0800d800        0x4 C:/ST/STM32CubeIDE_1.16.1/STM32CubeIDE/plugins/com.st.stm32cube.ide.mcu.externaltools.gnu-tools-for-stm32.12.3.rel1.win32_1.0.200.202406191623/tools/bin/../lib/gcc/arm-none-eabi/12.3.1/thumb/v7e-m+fp/hard/crti.o
                0x0800d800                _fini
 .fini          0x0800d804        0x8 C:/ST/STM32CubeIDE_1.16.1/STM32CubeIDE/plugins/com.st.stm32cube.ide.mcu.externaltools.gnu-tools-for-stm32.12.3.rel1.win32_1.0.200.202406191623/tools/bin/../lib/gcc/arm-none-eabi/12.3.1/thumb/v7e-m+fp/hard/crtn.o
                0x0800d80c                        . = ALIGN (0x4)
                0x0800d80c                        _etext = .

.vfp11_veneer   0x0800d80c        0x0
 .vfp11_veneer  0x0800d80c        0x0 linker stubs

.v4_bx          0x0800d80c        0x0
 .v4_bx         0x0800d80c        0x0 linker stubs

.iplt           0x0800d80c        0x0
 .iplt          0x0800d80c        0x0 C:/ST/STM32CubeIDE_1.16.1/STM32CubeIDE/plugins/com.st.stm32cube.ide.mcu.externaltools.gnu-tools-for-stm32.12.3.rel1.win32_1.0.200.202406191623/tools/bin/../lib/gcc/arm-none-eabi/12.3.1/thumb/v7e-m+fp/hard/crtbegin.o

.rodata         0x0800d80c      0x1e0
                0x0800d80c                        . = ALIGN (0x4)
 *(.rodata)
 .rodata        0x0800d80c       0xb8 ./Core/Src/log.o
 .rodata        0x0800d8c4       0x5f ./Core/Src/main.o
 *fill*         0x0800d923        0x1 
 .rodata        0x0800d924        0x4 ./Middlewares/ST/STM32_USB_Host_Library/Class/CDC/Src/usbh_cdc.o
 .rodata        0x0800d928        0xb ./Middlewares/ST/STM32_USB_Host_Library/Core/Src/usbh_core.o
 *fill*         0x0800d933        0x1 
 .rodata        0x0800d934        0x5 ./Middlewares/Third_Party/FreeRTOS/Source/tasks.o
 *fill*         0x0800d939        0x3 
 .rodata        0x0800d93c        0xd ./Middlewares/Third_Party/FreeRTOS/Source/timers.o
 *(.rodata*)
 *fill*         0x0800d949        0x3 
 .rodata.defaultTask_attributes
                0x0800d94c       0x24 ./Core/Src/main.o
                0x0800d94c                defaultTask_attributes
 .rodata.mainTask_attributes
                0x0800d970       0x24 ./Core/Src/main.o
                0x0800d970                mainTask_attributes
 .rodata.__func__.0
                0x0800d994        0x9 ./Core/Src/main.o
 *fill*         0x0800d99d        0x3 
 .rodata.AHBPrescTable
                0x0800d9a0       0x10 ./Core/Src/system_stm32f4xx.o
                0x0800d9a0                AHBPrescTable
 .rodata.APBPrescTable
                0x0800d9b0        0x8 ./Core/Src/system_stm32f4xx.o
                0x0800d9b0                APBPrescTable
 .rodata._svfprintf_r.str1.1
                0x0800d9b8       0x11 C:/ST/STM32CubeIDE_1.16.1/STM32CubeIDE/plugins/com.st.stm32cube.ide.mcu.externaltools.gnu-tools-for-stm32.12.3.rel1.win32_1.0.200.202406191623/tools/bin/../lib/gcc/arm-none-eabi/12.3.1/../../../../arm-none-eabi/lib/thumb/v7e-m+fp/hard\libc_nano.a(libc_a-nano-svfprintf.o)
 .rodata._printf_i.str1.1
                0x0800d9c9       0x22 C:/ST/STM32CubeIDE_1.16.1/STM32CubeIDE/plugins/com.st.stm32cube.ide.mcu.externaltools.gnu-tools-for-stm32.12.3.rel1.win32_1.0.200.202406191623/tools/bin/../lib/gcc/arm-none-eabi/12.3.1/../../../../arm-none-eabi/lib/thumb/v7e-m+fp/hard\libc_nano.a(libc_a-nano-vfprintf_i.o)
                0x0800d9ec                        . = ALIGN (0x4)
 *fill*         0x0800d9eb        0x1 

.ARM.extab      0x0800d9ec        0x0
                0x0800d9ec                        . = ALIGN (0x4)
 *(.ARM.extab* .gnu.linkonce.armextab.*)
                0x0800d9ec                        . = ALIGN (0x4)

.ARM            0x0800d9ec        0x8
                0x0800d9ec                        . = ALIGN (0x4)
                0x0800d9ec                        __exidx_start = .
 *(.ARM.exidx*)
 .ARM.exidx     0x0800d9ec        0x8 C:/ST/STM32CubeIDE_1.16.1/STM32CubeIDE/plugins/com.st.stm32cube.ide.mcu.externaltools.gnu-tools-for-stm32.12.3.rel1.win32_1.0.200.202406191623/tools/bin/../lib/gcc/arm-none-eabi/12.3.1/../../../../arm-none-eabi/lib/thumb/v7e-m+fp/hard\libc_nano.a(libc_a-strlen.o)
 .ARM.exidx     0x0800d9f4        0x0 C:/ST/STM32CubeIDE_1.16.1/STM32CubeIDE/plugins/com.st.stm32cube.ide.mcu.externaltools.gnu-tools-for-stm32.12.3.rel1.win32_1.0.200.202406191623/tools/bin/../lib/gcc/arm-none-eabi/12.3.1/../../../../arm-none-eabi/lib/thumb/v7e-m+fp/hard\libc_nano.a(libc_a-memchr.o)
                                  0x8 (size before relaxing)
 .ARM.exidx     0x0800d9f4        0x0 C:/ST/STM32CubeIDE_1.16.1/STM32CubeIDE/plugins/com.st.stm32cube.ide.mcu.externaltools.gnu-tools-for-stm32.12.3.rel1.win32_1.0.200.202406191623/tools/bin/../lib/gcc/arm-none-eabi/12.3.1/thumb/v7e-m+fp/hard\libgcc.a(_udivmoddi4.o)
                                  0x8 (size before relaxing)
                0x0800d9f4                        __exidx_end = .
                0x0800d9f4                        . = ALIGN (0x4)

.preinit_array  0x0800d9f4        0x0
                0x0800d9f4                        . = ALIGN (0x4)
                0x0800d9f4                        PROVIDE (__preinit_array_start = .)
 *(.preinit_array*)
                0x0800d9f4                        PROVIDE (__preinit_array_end = .)
                0x0800d9f4                        . = ALIGN (0x4)

.init_array     0x0800d9f4        0x4
                0x0800d9f4                        . = ALIGN (0x4)
                0x0800d9f4                        PROVIDE (__init_array_start = .)
 *(SORT_BY_NAME(.init_array.*))
 *(.init_array*)
 .init_array    0x0800d9f4        0x4 C:/ST/STM32CubeIDE_1.16.1/STM32CubeIDE/plugins/com.st.stm32cube.ide.mcu.externaltools.gnu-tools-for-stm32.12.3.rel1.win32_1.0.200.202406191623/tools/bin/../lib/gcc/arm-none-eabi/12.3.1/thumb/v7e-m+fp/hard/crtbegin.o
                0x0800d9f8                        PROVIDE (__init_array_end = .)
                0x0800d9f8                        . = ALIGN (0x4)

.fini_array     0x0800d9f8        0x4
                0x0800d9f8                        . = ALIGN (0x4)
                [!provide]                        PROVIDE (__fini_array_start = .)
 *(SORT_BY_NAME(.fini_array.*))
 *(.fini_array*)
 .fini_array    0x0800d9f8        0x4 C:/ST/STM32CubeIDE_1.16.1/STM32CubeIDE/plugins/com.st.stm32cube.ide.mcu.externaltools.gnu-tools-for-stm32.12.3.rel1.win32_1.0.200.202406191623/tools/bin/../lib/gcc/arm-none-eabi/12.3.1/thumb/v7e-m+fp/hard/crtbegin.o
                [!provide]                        PROVIDE (__fini_array_end = .)
                0x0800d9fc                        . = ALIGN (0x4)
                0x0800d9fc                        _sidata = LOADADDR (.data)

.rel.dyn        0x0800d9fc        0x0
 .rel.iplt      0x0800d9fc        0x0 C:/ST/STM32CubeIDE_1.16.1/STM32CubeIDE/plugins/com.st.stm32cube.ide.mcu.externaltools.gnu-tools-for-stm32.12.3.rel1.win32_1.0.200.202406191623/tools/bin/../lib/gcc/arm-none-eabi/12.3.1/thumb/v7e-m+fp/hard/crtbegin.o

.data           0x20000000       0x80 load address 0x0800d9fc
                0x20000000                        . = ALIGN (0x4)
                0x20000000                        _sdata = .
 *(.data)
 *(.data*)
 .data.SystemCoreClock
                0x20000000        0x4 ./Core/Src/system_stm32f4xx.o
                0x20000000                SystemCoreClock
 .data.uwTickPrio
                0x20000004        0x4 ./Drivers/STM32F4xx_HAL_Driver/Src/stm32f4xx_hal.o
                0x20000004                uwTickPrio
 .data.uwTickFreq
                0x20000008        0x1 ./Drivers/STM32F4xx_HAL_Driver/Src/stm32f4xx_hal.o
                0x20000008                uwTickFreq
 *fill*         0x20000009        0x3 
 .data.CDC_Class
                0x2000000c       0x20 ./Middlewares/ST/STM32_USB_Host_Library/Class/CDC/Src/usbh_cdc.o
                0x2000000c                CDC_Class
 .data.uxCriticalNesting
                0x2000002c        0x4 ./Middlewares/Third_Party/FreeRTOS/Source/portable/GCC/ARM_CM4F/port.o
 .data._impure_ptr
                0x20000030        0x4 C:/ST/STM32CubeIDE_1.16.1/STM32CubeIDE/plugins/com.st.stm32cube.ide.mcu.externaltools.gnu-tools-for-stm32.12.3.rel1.win32_1.0.200.202406191623/tools/bin/../lib/gcc/arm-none-eabi/12.3.1/../../../../arm-none-eabi/lib/thumb/v7e-m+fp/hard\libc_nano.a(libc_a-impure.o)
                0x20000030                _impure_ptr
 .data._impure_data
                0x20000034       0x4c C:/ST/STM32CubeIDE_1.16.1/STM32CubeIDE/plugins/com.st.stm32cube.ide.mcu.externaltools.gnu-tools-for-stm32.12.3.rel1.win32_1.0.200.202406191623/tools/bin/../lib/gcc/arm-none-eabi/12.3.1/../../../../arm-none-eabi/lib/thumb/v7e-m+fp/hard\libc_nano.a(libc_a-impure.o)
                0x20000034                _impure_data
 *(.RamFunc)
 *(.RamFunc*)
                0x20000080                        . = ALIGN (0x4)
                0x20000080                        _edata = .
                0x0800da7c                        _siccmram = LOADADDR (.ccmram)

.igot.plt       0x20000080        0x0 load address 0x0800da7c
 .igot.plt      0x20000080        0x0 C:/ST/STM32CubeIDE_1.16.1/STM32CubeIDE/plugins/com.st.stm32cube.ide.mcu.externaltools.gnu-tools-for-stm32.12.3.rel1.win32_1.0.200.202406191623/tools/bin/../lib/gcc/arm-none-eabi/12.3.1/thumb/v7e-m+fp/hard/crtbegin.o

.ccmram         0x10000000        0x0 load address 0x0800da7c
                0x10000000                        . = ALIGN (0x4)
                0x10000000                        _sccmram = .
 *(.ccmram)
 *(.ccmram*)
                0x10000000                        . = ALIGN (0x4)
                0x10000000                        _eccmram = .
                0x10000000                        . = ALIGN (0x4)

.bss            0x20000080     0x5430
                0x20000080                        _sbss = .
                0x20000080                        __bss_start__ = _sbss
 *(.bss)
 .bss           0x20000080       0x1c C:/ST/STM32CubeIDE_1.16.1/STM32CubeIDE/plugins/com.st.stm32cube.ide.mcu.externaltools.gnu-tools-for-stm32.12.3.rel1.win32_1.0.200.202406191623/tools/bin/../lib/gcc/arm-none-eabi/12.3.1/thumb/v7e-m+fp/hard/crtbegin.o
 *(.bss*)
 .bss.hi2c1     0x2000009c       0x54 ./Core/Src/main.o
                0x2000009c                hi2c1
 .bss.hi2s3     0x200000f0       0x48 ./Core/Src/main.o
                0x200000f0                hi2s3
 .bss.hspi1     0x20000138       0x58 ./Core/Src/main.o
                0x20000138                hspi1
 .bss.huart4    0x20000190       0x44 ./Core/Src/main.o
                0x20000190                huart4
 .bss.huart2    0x200001d4       0x44 ./Core/Src/main.o
                0x200001d4                huart2
 .bss.defaultTaskHandle
                0x20000218        0x4 ./Core/Src/main.o
                0x20000218                defaultTaskHandle
 .bss.mainTaskHandle
                0x2000021c        0x4 ./Core/Src/main.o
                0x2000021c                mainTaskHandle
 .bss.htim1     0x20000220       0x48 ./Core/Src/stm32f4xx_hal_timebase_tim.o
                0x20000220                htim1
 .bss.__sbrk_heap_end
                0x20000268        0x4 ./Core/Src/sysmem.o
 .bss.uwTick    0x2000026c        0x4 ./Drivers/STM32F4xx_HAL_Driver/Src/stm32f4xx_hal.o
                0x2000026c                uwTick
 .bss.USBH_Thread_Atrr
                0x20000270       0x24 ./Middlewares/ST/STM32_USB_Host_Library/Core/Src/usbh_core.o
                0x20000270                USBH_Thread_Atrr
 .bss.KernelState
                0x20000294        0x4 ./Middlewares/Third_Party/FreeRTOS/Source/CMSIS_RTOS_V2/cmsis_os2.o
 .bss.Idle_TCB.3
                0x20000298       0xa8 ./Middlewares/Third_Party/FreeRTOS/Source/CMSIS_RTOS_V2/cmsis_os2.o
 .bss.Idle_Stack.2
                0x20000340      0x200 ./Middlewares/Third_Party/FreeRTOS/Source/CMSIS_RTOS_V2/cmsis_os2.o
 .bss.Timer_TCB.1
                0x20000540       0xa8 ./Middlewares/Third_Party/FreeRTOS/Source/CMSIS_RTOS_V2/cmsis_os2.o
 .bss.Timer_Stack.0
                0x200005e8      0x400 ./Middlewares/Third_Party/FreeRTOS/Source/CMSIS_RTOS_V2/cmsis_os2.o
 .bss.xQueueRegistry
                0x200009e8       0x40 ./Middlewares/Third_Party/FreeRTOS/Source/queue.o
                0x200009e8                xQueueRegistry
 .bss.pxCurrentTCB
                0x20000a28        0x4 ./Middlewares/Third_Party/FreeRTOS/Source/tasks.o
                0x20000a28                pxCurrentTCB
 .bss.pxReadyTasksLists
                0x20000a2c      0x460 ./Middlewares/Third_Party/FreeRTOS/Source/tasks.o
 .bss.xDelayedTaskList1
                0x20000e8c       0x14 ./Middlewares/Third_Party/FreeRTOS/Source/tasks.o
 .bss.xDelayedTaskList2
                0x20000ea0       0x14 ./Middlewares/Third_Party/FreeRTOS/Source/tasks.o
 .bss.pxDelayedTaskList
                0x20000eb4        0x4 ./Middlewares/Third_Party/FreeRTOS/Source/tasks.o
 .bss.pxOverflowDelayedTaskList
                0x20000eb8        0x4 ./Middlewares/Third_Party/FreeRTOS/Source/tasks.o
 .bss.xPendingReadyList
                0x20000ebc       0x14 ./Middlewares/Third_Party/FreeRTOS/Source/tasks.o
 .bss.xTasksWaitingTermination
                0x20000ed0       0x14 ./Middlewares/Third_Party/FreeRTOS/Source/tasks.o
 .bss.uxDeletedTasksWaitingCleanUp
                0x20000ee4        0x4 ./Middlewares/Third_Party/FreeRTOS/Source/tasks.o
 .bss.xSuspendedTaskList
                0x20000ee8       0x14 ./Middlewares/Third_Party/FreeRTOS/Source/tasks.o
 .bss.uxCurrentNumberOfTasks
                0x20000efc        0x4 ./Middlewares/Third_Party/FreeRTOS/Source/tasks.o
 .bss.xTickCount
                0x20000f00        0x4 ./Middlewares/Third_Party/FreeRTOS/Source/tasks.o
 .bss.uxTopReadyPriority
                0x20000f04        0x4 ./Middlewares/Third_Party/FreeRTOS/Source/tasks.o
 .bss.xSchedulerRunning
                0x20000f08        0x4 ./Middlewares/Third_Party/FreeRTOS/Source/tasks.o
 .bss.xPendedTicks
                0x20000f0c        0x4 ./Middlewares/Third_Party/FreeRTOS/Source/tasks.o
 .bss.xYieldPending
                0x20000f10        0x4 ./Middlewares/Third_Party/FreeRTOS/Source/tasks.o
 .bss.xNumOfOverflows
                0x20000f14        0x4 ./Middlewares/Third_Party/FreeRTOS/Source/tasks.o
 .bss.uxTaskNumber
                0x20000f18        0x4 ./Middlewares/Third_Party/FreeRTOS/Source/tasks.o
 .bss.xNextTaskUnblockTime
                0x20000f1c        0x4 ./Middlewares/Third_Party/FreeRTOS/Source/tasks.o
 .bss.xIdleTaskHandle
                0x20000f20        0x4 ./Middlewares/Third_Party/FreeRTOS/Source/tasks.o
 .bss.uxSchedulerSuspended
                0x20000f24        0x4 ./Middlewares/Third_Party/FreeRTOS/Source/tasks.o
 .bss.xActiveTimerList1
                0x20000f28       0x14 ./Middlewares/Third_Party/FreeRTOS/Source/timers.o
 .bss.xActiveTimerList2
                0x20000f3c       0x14 ./Middlewares/Third_Party/FreeRTOS/Source/timers.o
 .bss.pxCurrentTimerList
                0x20000f50        0x4 ./Middlewares/Third_Party/FreeRTOS/Source/timers.o
 .bss.pxOverflowTimerList
                0x20000f54        0x4 ./Middlewares/Third_Party/FreeRTOS/Source/timers.o
 .bss.xTimerQueue
                0x20000f58        0x4 ./Middlewares/Third_Party/FreeRTOS/Source/timers.o
 .bss.xTimerTaskHandle
                0x20000f5c        0x4 ./Middlewares/Third_Party/FreeRTOS/Source/timers.o
 .bss.xLastTime.2
                0x20000f60        0x4 ./Middlewares/Third_Party/FreeRTOS/Source/timers.o
 .bss.ucStaticTimerQueueStorage.1
                0x20000f64       0xa0 ./Middlewares/Third_Party/FreeRTOS/Source/timers.o
 .bss.xStaticTimerQueue.0
                0x20001004       0x50 ./Middlewares/Third_Party/FreeRTOS/Source/timers.o
 .bss.ucMaxSysCallPriority
                0x20001054        0x1 ./Middlewares/Third_Party/FreeRTOS/Source/portable/GCC/ARM_CM4F/port.o
 *fill*         0x20001055        0x3 
 .bss.ulMaxPRIGROUPValue
                0x20001058        0x4 ./Middlewares/Third_Party/FreeRTOS/Source/portable/GCC/ARM_CM4F/port.o
 .bss.ucHeap    0x2000105c     0x3c00 ./Middlewares/Third_Party/FreeRTOS/Source/portable/MemMang/heap_4.o
 .bss.xStart    0x20004c5c        0x8 ./Middlewares/Third_Party/FreeRTOS/Source/portable/MemMang/heap_4.o
 .bss.pxEnd     0x20004c64        0x4 ./Middlewares/Third_Party/FreeRTOS/Source/portable/MemMang/heap_4.o
 .bss.xFreeBytesRemaining
                0x20004c68        0x4 ./Middlewares/Third_Party/FreeRTOS/Source/portable/MemMang/heap_4.o
 .bss.xMinimumEverFreeBytesRemaining
                0x20004c6c        0x4 ./Middlewares/Third_Party/FreeRTOS/Source/portable/MemMang/heap_4.o
 .bss.xNumberOfSuccessfulAllocations
                0x20004c70        0x4 ./Middlewares/Third_Party/FreeRTOS/Source/portable/MemMang/heap_4.o
 .bss.xNumberOfSuccessfulFrees
                0x20004c74        0x4 ./Middlewares/Third_Party/FreeRTOS/Source/portable/MemMang/heap_4.o
 .bss.xBlockAllocatedBit
                0x20004c78        0x4 ./Middlewares/Third_Party/FreeRTOS/Source/portable/MemMang/heap_4.o
 .bss.hUsbHostFS
                0x20004c7c      0x3e4 ./USB_HOST/App/usb_host.o
                0x20004c7c                hUsbHostFS
 .bss.Appli_state
                0x20005060        0x1 ./USB_HOST/App/usb_host.o
                0x20005060                Appli_state
 *fill*         0x20005061        0x3 
 .bss.hhcd_USB_OTG_FS
                0x20005064      0x304 ./USB_HOST/Target/usbh_conf.o
                0x20005064                hhcd_USB_OTG_FS
 .bss.__malloc_sbrk_start
                0x20005368        0x4 C:/ST/STM32CubeIDE_1.16.1/STM32CubeIDE/plugins/com.st.stm32cube.ide.mcu.externaltools.gnu-tools-for-stm32.12.3.rel1.win32_1.0.200.202406191623/tools/bin/../lib/gcc/arm-none-eabi/12.3.1/../../../../arm-none-eabi/lib/thumb/v7e-m+fp/hard\libc_nano.a(libc_a-mallocr.o)
                0x20005368                __malloc_sbrk_start
 .bss.__malloc_free_list
                0x2000536c        0x4 C:/ST/STM32CubeIDE_1.16.1/STM32CubeIDE/plugins/com.st.stm32cube.ide.mcu.externaltools.gnu-tools-for-stm32.12.3.rel1.win32_1.0.200.202406191623/tools/bin/../lib/gcc/arm-none-eabi/12.3.1/../../../../arm-none-eabi/lib/thumb/v7e-m+fp/hard\libc_nano.a(libc_a-mallocr.o)
                0x2000536c                __malloc_free_list
 .bss.__sf      0x20005370      0x138 C:/ST/STM32CubeIDE_1.16.1/STM32CubeIDE/plugins/com.st.stm32cube.ide.mcu.externaltools.gnu-tools-for-stm32.12.3.rel1.win32_1.0.200.202406191623/tools/bin/../lib/gcc/arm-none-eabi/12.3.1/../../../../arm-none-eabi/lib/thumb/v7e-m+fp/hard\libc_nano.a(libc_a-findfp.o)
                0x20005370                __sf
 .bss.errno     0x200054a8        0x4 C:/ST/STM32CubeIDE_1.16.1/STM32CubeIDE/plugins/com.st.stm32cube.ide.mcu.externaltools.gnu-tools-for-stm32.12.3.rel1.win32_1.0.200.202406191623/tools/bin/../lib/gcc/arm-none-eabi/12.3.1/../../../../arm-none-eabi/lib/thumb/v7e-m+fp/hard\libc_nano.a(libc_a-reent.o)
                0x200054a8                errno
 .bss.__lock___malloc_recursive_mutex
                0x200054ac        0x1 C:/ST/STM32CubeIDE_1.16.1/STM32CubeIDE/plugins/com.st.stm32cube.ide.mcu.externaltools.gnu-tools-for-stm32.12.3.rel1.win32_1.0.200.202406191623/tools/bin/../lib/gcc/arm-none-eabi/12.3.1/../../../../arm-none-eabi/lib/thumb/v7e-m+fp/hard\libc_nano.a(libc_a-lock.o)
                0x200054ac                __lock___malloc_recursive_mutex
 *(COMMON)
                0x200054b0                        . = ALIGN (0x4)
 *fill*         0x200054ad        0x3 
                0x200054b0                        _ebss = .
                0x200054b0                        __bss_end__ = _ebss

._user_heap_stack
                0x200054b0      0x600
                0x200054b0                        . = ALIGN (0x8)
                [!provide]                        PROVIDE (end = .)
                0x200054b0                        PROVIDE (_end = .)
                0x200056b0                        . = (. + _Min_Heap_Size)
 *fill*         0x200054b0      0x200 
                0x20005ab0                        . = (. + _Min_Stack_Size)
 *fill*         0x200056b0      0x400 
                0x20005ab0                        . = ALIGN (0x8)

/DISCARD/
 libc.a(*)
 libm.a(*)
 libgcc.a(*)

.ARM.attributes
                0x00000000       0x30
 *(.ARM.attributes)
 .ARM.attributes